###############################################################################
#
# IAR ELF Linker V9.32.2.340/W64 for ARM                  12/Feb/2024  20:54:30
# Copyright 2007-2023 IAR Systems AB.
#
#    Output file  =  C:\Ruslan\IAR\EX\IAR_Project\Debug\Exe\Nextion.out
#    Map file     =  C:\Ruslan\IAR\EX\IAR_Project\Debug\List\Nextion.map
#    Command line =
#        -f C:\Ruslan\IAR\EX\IAR_Project\Debug\Exe\Nextion.out.rsp
#        (C:\Ruslan\IAR\EX\IAR_Project\Debug\Obj\main.o
#        C:\Ruslan\IAR\EX\IAR_Project\Debug\Obj\STM32Std\misc.o
#        C:\Ruslan\IAR\EX\IAR_Project\Debug\Obj\User\modbus.o
#        C:\Ruslan\IAR\EX\IAR_Project\Debug\Obj\STM32Std\startup_stm32f10x_hd.o
#        C:\Ruslan\IAR\EX\IAR_Project\Debug\Obj\STM32Std\stm32f10x_adc.o
#        C:\Ruslan\IAR\EX\IAR_Project\Debug\Obj\STM32Std\stm32f10x_dma.o
#        C:\Ruslan\IAR\EX\IAR_Project\Debug\Obj\STM32Std\stm32f10x_gpio.o
#        C:\Ruslan\IAR\EX\IAR_Project\Debug\Obj\stm32f10x_it.o
#        C:\Ruslan\IAR\EX\IAR_Project\Debug\Obj\STM32Std\stm32f10x_rcc.o
#        C:\Ruslan\IAR\EX\IAR_Project\Debug\Obj\STM32Std\stm32f10x_tim.o
#        C:\Ruslan\IAR\EX\IAR_Project\Debug\Obj\STM32Std\stm32f10x_usart.o
#        C:\Ruslan\IAR\EX\IAR_Project\Debug\Obj\STM32Std\system_stm32f10x.o
#        C:\Ruslan\IAR\EX\IAR_Project\Debug\Obj\User\user_ADC.o
#        C:\Ruslan\IAR\EX\IAR_Project\Debug\Obj\User\user_GPIO.o
#        C:\Ruslan\IAR\EX\IAR_Project\Debug\Obj\User\user_TIMER.o
#        C:\Ruslan\IAR\EX\IAR_Project\Debug\Obj\User\user_USART.o --redirect
#        _Printf=_PrintfFullNoMb --redirect _Scanf=_ScanfFullNoMb
#        --no_out_extension -o
#        C:\Ruslan\IAR\EX\IAR_Project\Debug\Exe\Nextion.out --map
#        C:\Ruslan\IAR\EX\IAR_Project\Debug\List\Nextion.map --config
#        "C:\Program Files\IAR Systems\Embedded Workbench
#        9.1\arm/config/linker/ST/stm32f103x6.icf" --semihosting --entry
#        __iar_program_start --vfe --text_out locale --cpu=Cortex-M3
#        --fpu=None)
#
###############################################################################

*******************************************************************************
*** RUNTIME MODEL ATTRIBUTES
***

CppFlavor       = *
__CPP_Runtime   = 1
__SystemLibrary = DLib
__dlib_version  = 6


*******************************************************************************
*** HEAP SELECTION
***

The basic heap was selected because --advanced_heap
was not specified and the application did not appear to
be primarily optimized for speed.


*******************************************************************************
*** PLACEMENT SUMMARY
***

"A0":  place at address 0x800'0000 { ro section .intvec };
"P1":  place in [from 0x800'0000 to 0x800'7fff] { ro };
define block CSTACK with size = 2K, alignment = 8 { };
define block HEAP with size = 2K, alignment = 8 { };
"P2":  place in [from 0x2000'0000 to 0x2000'27ff] {
          rw, block CSTACK, block HEAP };
initialize by copy { rw };

  Section            Kind         Address    Size  Object
  -------            ----         -------    ----  ------
"A0":                                       0x130
  .intvec            ro code   0x800'0000   0x130  startup_stm32f10x_hd.o [2]
                             - 0x800'0130   0x130

"P1":                                      0x2980
  .text              ro code   0x800'0130   0x608  main.o [1]
  .text              ro code   0x800'0738   0x150  stm32f10x_rcc.o [2]
  .text              ro code   0x800'0888    0x48  user_GPIO.o [3]
  .text              ro code   0x800'08d0   0x118  stm32f10x_gpio.o [2]
  .text              ro code   0x800'09e8   0x224  user_TIMER.o [3]
  .text              ro code   0x800'0c0c   0x1aa  DblMul.o [5]
  .text              ro code   0x800'0db6    0x2a  copy_init3.o [6]
  .text              ro code   0x800'0de0   0x280  user_ADC.o [3]
  .text              ro code   0x800'1060   0x38c  modbus.o [3]
  .text              ro code   0x800'13ec   0x194  user_USART.o [3]
  .text              ro code   0x800'1580    0x20  DblCmpEq.o [5]
  .text              ro code   0x800'15a0    0x48  FltToDbl.o [5]
  .text              ro code   0x800'15e8   0x25e  DblAddSub.o [5]
  .text              ro code   0x800'1848    0x36  DblToS32.o [5]
  .text              ro code   0x800'187e     0x8  abs.o [4]
  .text              ro code   0x800'1888    0x22  S32ToDbl.o [5]
  .text              ro code   0x800'18ac    0x34  DblCmpLe.o [5]
  .text              ro code   0x800'18e0   0x246  DblDiv.o [5]
  .text              ro code   0x800'1b28    0x68  DblToFlt.o [5]
  .text              ro code   0x800'1b90    0x1a  U32ToFlt.o [5]
  .text              ro code   0x800'1bac    0xd8  FltMul.o [5]
  .text              ro code   0x800'1c84   0x1cc  stm32f10x_tim.o [2]
  .text              ro code   0x800'1e50   0x1d8  stm32f10x_dma.o [2]
  .text              ro code   0x800'2028   0x1f8  stm32f10x_adc.o [2]
  .text              ro code   0x800'2220   0x226  stm32f10x_usart.o [2]
  .text              ro code   0x800'2448    0x78  misc.o [2]
  .text              ro code   0x800'24c0   0x288  stm32f10x_it.o [1]
  .text              ro code   0x800'2748    0x1c  U32ToDbl.o [5]
  .text              ro code   0x800'2764   0x128  system_stm32f10x.o [2]
  Initializer bytes  const     0x800'288c    0x44  <for P2-1>
  .text              ro code   0x800'28d0    0x38  zero_init3.o [6]
  .text              ro code   0x800'2908    0x28  data_init.o [6]
  .iar.init_table    const     0x800'2930    0x24  - Linker created -
  .text              ro code   0x800'2954    0x1e  cmain.o [6]
  .text              ro code   0x800'2972     0x4  low_level_init.o [4]
  .text              ro code   0x800'2976     0x4  exit.o [4]
  .text              ro code   0x800'297c     0xa  cexit.o [6]
  .text              ro code   0x800'2988    0x14  exit.o [7]
  .text              ro code   0x800'299c    0x1c  cstartup_M.o [6]
  .text              ro code   0x800'29b8    0x10  startup_stm32f10x_hd.o [2]
  .text              ro code   0x800'29c8     0x4  startup_stm32f10x_hd.o [2]
  .text              ro code   0x800'29cc     0x4  startup_stm32f10x_hd.o [2]
  .text              ro code   0x800'29d0     0x4  startup_stm32f10x_hd.o [2]
  .text              ro code   0x800'29d4     0x4  startup_stm32f10x_hd.o [2]
  .text              ro code   0x800'29d8     0x4  startup_stm32f10x_hd.o [2]
  .text              ro code   0x800'29dc     0x4  startup_stm32f10x_hd.o [2]
  .text              ro code   0x800'29e0     0x4  startup_stm32f10x_hd.o [2]
  .text              ro code   0x800'29e4     0x4  startup_stm32f10x_hd.o [2]
  .text              ro code   0x800'29e8     0x4  startup_stm32f10x_hd.o [2]
  .text              ro code   0x800'29ec     0x4  startup_stm32f10x_hd.o [2]
  .text              ro code   0x800'29f0     0x4  startup_stm32f10x_hd.o [2]
  .text              ro code   0x800'29f4     0x4  startup_stm32f10x_hd.o [2]
  .text              ro code   0x800'29f8     0x4  startup_stm32f10x_hd.o [2]
  .text              ro code   0x800'29fc     0x4  startup_stm32f10x_hd.o [2]
  .text              ro code   0x800'2a00     0x4  startup_stm32f10x_hd.o [2]
  .text              ro code   0x800'2a04     0x4  startup_stm32f10x_hd.o [2]
  .text              ro code   0x800'2a08     0x4  startup_stm32f10x_hd.o [2]
  .text              ro code   0x800'2a0c     0x4  startup_stm32f10x_hd.o [2]
  .text              ro code   0x800'2a10     0x4  startup_stm32f10x_hd.o [2]
  .text              ro code   0x800'2a14     0x4  startup_stm32f10x_hd.o [2]
  .text              ro code   0x800'2a18     0x4  startup_stm32f10x_hd.o [2]
  .text              ro code   0x800'2a1c     0x4  startup_stm32f10x_hd.o [2]
  .text              ro code   0x800'2a20     0x4  startup_stm32f10x_hd.o [2]
  .text              ro code   0x800'2a24     0x4  startup_stm32f10x_hd.o [2]
  .text              ro code   0x800'2a28     0x4  startup_stm32f10x_hd.o [2]
  .text              ro code   0x800'2a2c     0x4  startup_stm32f10x_hd.o [2]
  .text              ro code   0x800'2a30     0x4  startup_stm32f10x_hd.o [2]
  .text              ro code   0x800'2a34     0x4  startup_stm32f10x_hd.o [2]
  .text              ro code   0x800'2a38     0x4  startup_stm32f10x_hd.o [2]
  .text              ro code   0x800'2a3c     0x4  startup_stm32f10x_hd.o [2]
  .text              ro code   0x800'2a40     0x4  startup_stm32f10x_hd.o [2]
  .text              ro code   0x800'2a44     0x4  startup_stm32f10x_hd.o [2]
  .text              ro code   0x800'2a48     0x4  startup_stm32f10x_hd.o [2]
  .text              ro code   0x800'2a4c     0x4  startup_stm32f10x_hd.o [2]
  .text              ro code   0x800'2a50     0x4  startup_stm32f10x_hd.o [2]
  .text              ro code   0x800'2a54     0x4  startup_stm32f10x_hd.o [2]
  .text              ro code   0x800'2a58     0x4  startup_stm32f10x_hd.o [2]
  .text              ro code   0x800'2a5c     0x4  startup_stm32f10x_hd.o [2]
  .text              ro code   0x800'2a60     0x4  startup_stm32f10x_hd.o [2]
  .text              ro code   0x800'2a64     0x4  startup_stm32f10x_hd.o [2]
  .text              ro code   0x800'2a68     0x4  startup_stm32f10x_hd.o [2]
  .text              ro code   0x800'2a6c     0x4  startup_stm32f10x_hd.o [2]
  .text              ro code   0x800'2a70     0x4  startup_stm32f10x_hd.o [2]
  .text              ro code   0x800'2a74     0x4  startup_stm32f10x_hd.o [2]
  .text              ro code   0x800'2a78     0x4  startup_stm32f10x_hd.o [2]
  .text              ro code   0x800'2a7c     0x4  startup_stm32f10x_hd.o [2]
  .text              ro code   0x800'2a80     0x4  startup_stm32f10x_hd.o [2]
  .text              ro code   0x800'2a84     0x4  startup_stm32f10x_hd.o [2]
  .text              ro code   0x800'2a88     0x4  startup_stm32f10x_hd.o [2]
  .text              ro code   0x800'2a8c     0x4  startup_stm32f10x_hd.o [2]
  .text              ro code   0x800'2a90     0x4  startup_stm32f10x_hd.o [2]
  .text              ro code   0x800'2a94     0x4  startup_stm32f10x_hd.o [2]
  .text              ro code   0x800'2a98     0x4  startup_stm32f10x_hd.o [2]
  .text              ro code   0x800'2a9c     0x4  startup_stm32f10x_hd.o [2]
  .text              ro code   0x800'2aa0     0x4  startup_stm32f10x_hd.o [2]
  .text              ro code   0x800'2aa4     0x4  startup_stm32f10x_hd.o [2]
  .text              ro code   0x800'2aa8     0x4  startup_stm32f10x_hd.o [2]
  .text              ro code   0x800'2aac     0x4  startup_stm32f10x_hd.o [2]
  .rodata            const     0x800'2ab0     0x0  zero_init3.o [6]
  .rodata            const     0x800'2ab0     0x0  copy_init3.o [6]
                             - 0x800'2ab0  0x2980

"P2", part 1 of 3:                           0x44
  P2-1                        0x2000'0000    0x43  <Init block>
    .data            inited   0x2000'0000     0x8  main.o [1]
    .data            inited   0x2000'0008     0x8  main.o [1]
    .data            inited   0x2000'0010     0x8  main.o [1]
    .data            inited   0x2000'0018     0x4  main.o [1]
    .data            inited   0x2000'001c     0x4  main.o [1]
    .data            inited   0x2000'0020     0x4  main.o [1]
    .data            inited   0x2000'0024     0x4  stm32f10x_it.o [1]
    .data            inited   0x2000'0028     0x4  stm32f10x_it.o [1]
    .data            inited   0x2000'002c    0x10  stm32f10x_rcc.o [2]
    .data            inited   0x2000'003c     0x4  stm32f10x_rcc.o [2]
    .data            inited   0x2000'0040     0x2  user_TIMER.o [3]
    .data            inited   0x2000'0042     0x1  modbus.o [3]
                            - 0x2000'0043    0x43

"P2", part 2 of 3:                          0x208
  .bss               zero     0x2000'0044    0x64  user_USART.o [3]
  .bss               zero     0x2000'00a8    0x64  user_USART.o [3]
  .bss               zero     0x2000'010c    0x64  user_USART.o [3]
  .bss               zero     0x2000'0170    0x20  modbus.o [3]
  .bss               zero     0x2000'0190     0x4  main.o [1]
  .bss               zero     0x2000'0198     0x8  main.o [1]
  .bss               zero     0x2000'01a0     0x8  main.o [1]
  .bss               zero     0x2000'01a8     0x8  main.o [1]
  .bss               zero     0x2000'01b0     0x8  main.o [1]
  .bss               zero     0x2000'01b8     0x8  main.o [1]
  .bss               zero     0x2000'01c0     0x8  main.o [1]
  .bss               zero     0x2000'01c8     0x8  main.o [1]
  .bss               zero     0x2000'01d0     0x8  main.o [1]
  .bss               zero     0x2000'01d8     0x8  main.o [1]
  .bss               zero     0x2000'01e0     0x8  stm32f10x_it.o [1]
  .bss               zero     0x2000'01e8     0x8  stm32f10x_it.o [1]
  .bss               zero     0x2000'01f0     0x4  main.o [1]
  .bss               zero     0x2000'01f4     0x4  main.o [1]
  .bss               zero     0x2000'01f8     0x4  main.o [1]
  .bss               zero     0x2000'01fc     0x4  main.o [1]
  .bss               zero     0x2000'0200     0x4  main.o [1]
  .bss               zero     0x2000'0204     0x4  modbus.o [3]
  .bss               zero     0x2000'0208     0x4  modbus.o [3]
  .bss               zero     0x2000'020c     0x4  stm32f10x_it.o [1]
  .bss               zero     0x2000'0210     0x4  stm32f10x_it.o [1]
  .bss               zero     0x2000'0214     0x4  stm32f10x_it.o [1]
  .bss               zero     0x2000'0218     0x4  stm32f10x_it.o [1]
  .bss               zero     0x2000'021c     0x4  stm32f10x_it.o [1]
  .bss               zero     0x2000'0220     0x4  stm32f10x_it.o [1]
  .bss               zero     0x2000'0224     0x4  stm32f10x_it.o [1]
  .bss               zero     0x2000'0228     0x4  user_ADC.o [3]
  .bss               zero     0x2000'022c     0x4  user_ADC.o [3]
  .bss               zero     0x2000'0230     0x4  user_TIMER.o [3]
  .bss               zero     0x2000'0234     0x4  user_USART.o [3]
  .bss               zero     0x2000'0238     0x4  user_USART.o [3]
  .bss               zero     0x2000'023c     0x4  user_USART.o [3]
  .bss               zero     0x2000'0240     0x2  main.o [1]
  .bss               zero     0x2000'0242     0x2  modbus.o [3]
  .bss               zero     0x2000'0244     0x1  main.o [1]
  .bss               zero     0x2000'0245     0x1  main.o [1]
  .bss               zero     0x2000'0246     0x1  modbus.o [3]
  .bss               zero     0x2000'0247     0x1  stm32f10x_it.o [1]
  .bss               zero     0x2000'0248     0x1  user_USART.o [3]
                            - 0x2000'0249   0x205

"P2", part 3 of 3:                          0x800
  CSTACK                      0x2000'0250   0x800  <Block>
    CSTACK           uninit   0x2000'0250   0x800  <Block tail>
                            - 0x2000'0a50   0x800

Unused ranges:

         From           To    Size
         ----           --    ----
   0x800'2ab0   0x800'7fff  0x5550
  0x2000'024c  0x2000'024f     0x4
  0x2000'0a50  0x2000'27ff  0x1db0


*******************************************************************************
*** INIT TABLE
***

          Address      Size
          -------      ----
Zero (__iar_zero_init3)
    1 destination range, total size 0x205:
          0x2000'0044  0x205

Copy (__iar_copy_init3)
    1 source range, total size 0x44 (101% of destination):
           0x800'288c   0x44
    1 destination range, total size 0x43:
          0x2000'0000   0x43



*******************************************************************************
*** MODULE SUMMARY
***

    Module                  ro code  ro data  rw data
    ------                  -------  -------  -------
command line/config:
    -------------------------------------------------
    Total:

C:\Ruslan\IAR\EX\IAR_Project\Debug\Obj: [1]
    main.o                    1'544       36      136
    stm32f10x_it.o              648        8       53
    -------------------------------------------------
    Total:                    2'192       44      189

C:\Ruslan\IAR\EX\IAR_Project\Debug\Obj\STM32Std: [2]
    misc.o                      120
    startup_stm32f10x_hd.o      552
    stm32f10x_adc.o             504
    stm32f10x_dma.o             472
    stm32f10x_gpio.o            280
    stm32f10x_rcc.o             336       20       20
    stm32f10x_tim.o             460
    stm32f10x_usart.o           550
    system_stm32f10x.o          296
    -------------------------------------------------
    Total:                    3'570       20       20

C:\Ruslan\IAR\EX\IAR_Project\Debug\Obj\User: [3]
    modbus.o                    908        1       44
    user_ADC.o                  640                 8
    user_GPIO.o                  72
    user_TIMER.o                548        2        6
    user_USART.o                404               313
    -------------------------------------------------
    Total:                    2'572        3      371

dl7M_tlf.a: [4]
    abs.o                         8
    exit.o                        4
    low_level_init.o              4
    -------------------------------------------------
    Total:                       16

m7M_tl.a: [5]
    DblAddSub.o                 606
    DblCmpEq.o                   32
    DblCmpLe.o                   52
    DblDiv.o                    582
    DblMul.o                    426
    DblToFlt.o                  104
    DblToS32.o                   54
    FltMul.o                    216
    FltToDbl.o                   72
    S32ToDbl.o                   34
    U32ToDbl.o                   28
    U32ToFlt.o                   26
    -------------------------------------------------
    Total:                    2'232

rt7M_tl.a: [6]
    cexit.o                      10
    cmain.o                      30
    copy_init3.o                 42
    cstartup_M.o                 28
    data_init.o                  40
    zero_init3.o                 56
    -------------------------------------------------
    Total:                      206

shb_l.a: [7]
    exit.o                       20
    -------------------------------------------------
    Total:                       20

    Gaps                         16                 4
    Linker created                        37    2'048
-----------------------------------------------------
    Grand Total:             10'824      104    2'632


*******************************************************************************
*** ENTRY LIST
***

Entry                       Address   Size  Type      Object
-----                       -------   ----  ----      ------
.iar.init_table$$Base    0x800'2930          --   Gb  - Linker created -
.iar.init_table$$Limit   0x800'2954          --   Gb  - Linker created -
?main                    0x800'2955         Code  Gb  cmain.o [6]
ADC1ConvertedValue      0x2000'0228    0x4  Data  Gb  user_ADC.o [3]
ADC1_2_IRQHandler        0x800'2a21         Code  Wk  startup_stm32f10x_hd.o [2]
ADC3ConvertedValue      0x2000'022c    0x4  Data  Gb  user_ADC.o [3]
ADC3_IRQHandler          0x800'2a85         Code  Wk  startup_stm32f10x_hd.o [2]
ADCPrescTable           0x2000'003c    0x4  Data  Lc  stm32f10x_rcc.o [2]
ADC_ActualCurrent       0x2000'01c8    0x8  Data  Gb  main.o [1]
ADC_ActualVoltage       0x2000'01b0    0x8  Data  Gb  main.o [1]
ADC_Cmd                  0x800'2075   0x1c  Code  Gb  stm32f10x_adc.o [2]
ADC_CurrentEt1          0x2000'01d0    0x8  Data  Gb  main.o [1]
ADC_CurrentEt2          0x2000'01d8    0x8  Data  Gb  main.o [1]
ADC_DMACmd               0x800'2091   0x1c  Code  Gb  stm32f10x_adc.o [2]
ADC_GetCalibrationStatus
                         0x800'20d5   0x14  Code  Gb  stm32f10x_adc.o [2]
ADC_GetResetCalibrationStatus
                         0x800'20b7   0x14  Code  Gb  stm32f10x_adc.o [2]
ADC_Init                 0x800'2029   0x4c  Code  Gb  stm32f10x_adc.o [2]
ADC_RegularChannelConfig
                         0x800'2105  0x112  Code  Gb  stm32f10x_adc.o [2]
ADC_ResetCalibration     0x800'20ad    0xa  Code  Gb  stm32f10x_adc.o [2]
ADC_SoftwareStartConvCmd
                         0x800'20e9   0x1c  Code  Gb  stm32f10x_adc.o [2]
ADC_StartCalibration     0x800'20cb    0xa  Code  Gb  stm32f10x_adc.o [2]
ADC_VoltageEt1          0x2000'01b8    0x8  Data  Gb  main.o [1]
ADC_VoltageEt2          0x2000'01c0    0x8  Data  Gb  main.o [1]
APBAHBPrescTable        0x2000'002c   0x10  Data  Lc  stm32f10x_rcc.o [2]
BusFault_Handler         0x800'24c5    0x2  Code  Gb  stm32f10x_it.o [1]
CAN1_RX1_IRQHandler      0x800'2a2d         Code  Wk  startup_stm32f10x_hd.o [2]
CAN1_SCE_IRQHandler      0x800'2a31         Code  Wk  startup_stm32f10x_hd.o [2]
CCR                     0x2000'0198    0x8  Data  Gb  main.o [1]
CCR1_Val                0x2000'0040    0x2  Data  Gb  user_TIMER.o [3]
CRC16                   0x2000'0242    0x2  Data  Gb  modbus.o [3]
CSTACK$$Base            0x2000'0250          --   Gb  - Linker created -
CSTACK$$Limit           0x2000'0a50          --   Gb  - Linker created -
DMA1_Channel1_IRQHandler
                         0x800'2545   0x70  Code  Gb  stm32f10x_it.o [1]
DMA1_Channel2_IRQHandler
                         0x800'2a09         Code  Wk  startup_stm32f10x_hd.o [2]
DMA1_Channel3_IRQHandler
                         0x800'2a0d         Code  Wk  startup_stm32f10x_hd.o [2]
DMA1_Channel4_IRQHandler
                         0x800'2a11         Code  Wk  startup_stm32f10x_hd.o [2]
DMA1_Channel5_IRQHandler
                         0x800'2a15         Code  Wk  startup_stm32f10x_hd.o [2]
DMA1_Channel6_IRQHandler
                         0x800'2a19         Code  Wk  startup_stm32f10x_hd.o [2]
DMA1_Channel7_IRQHandler
                         0x800'2a1d         Code  Wk  startup_stm32f10x_hd.o [2]
DMA2_Channel1_IRQHandler
                         0x800'2aa5         Code  Wk  startup_stm32f10x_hd.o [2]
DMA2_Channel2_IRQHandler
                         0x800'2aa9         Code  Wk  startup_stm32f10x_hd.o [2]
DMA2_Channel3_IRQHandler
                         0x800'2aad         Code  Wk  startup_stm32f10x_hd.o [2]
DMA2_Channel4_5_IRQHandler
                         0x800'25b5   0x78  Code  Gb  stm32f10x_it.o [1]
DMA_ClearITPendingBit    0x800'1fd7   0x10  Code  Gb  stm32f10x_dma.o [2]
DMA_Cmd                  0x800'1f7f   0x1e  Code  Gb  stm32f10x_dma.o [2]
DMA_DeInit               0x800'1e51   0xf2  Code  Gb  stm32f10x_dma.o [2]
DMA_GetITStatus          0x800'1fb5   0x22  Code  Gb  stm32f10x_dma.o [2]
DMA_ITConfig             0x800'1f9d   0x18  Code  Gb  stm32f10x_dma.o [2]
DMA_Init                 0x800'1f43   0x3c  Code  Gb  stm32f10x_dma.o [2]
DebugMon_Handler         0x800'29d5         Code  Wk  startup_stm32f10x_hd.o [2]
Delay                    0x800'0bbd   0x12  Code  Gb  user_TIMER.o [3]
EXTI0_IRQHandler         0x800'29f5         Code  Wk  startup_stm32f10x_hd.o [2]
EXTI15_10_IRQHandler     0x800'2a69         Code  Wk  startup_stm32f10x_hd.o [2]
EXTI1_IRQHandler         0x800'29f9         Code  Wk  startup_stm32f10x_hd.o [2]
EXTI2_IRQHandler         0x800'29fd         Code  Wk  startup_stm32f10x_hd.o [2]
EXTI3_IRQHandler         0x800'2a01         Code  Wk  startup_stm32f10x_hd.o [2]
EXTI4_IRQHandler         0x800'2a05         Code  Wk  startup_stm32f10x_hd.o [2]
EXTI9_5_IRQHandler       0x800'2a35         Code  Wk  startup_stm32f10x_hd.o [2]
FLASH_IRQHandler         0x800'29ed         Code  Wk  startup_stm32f10x_hd.o [2]
FSMC_IRQHandler          0x800'2a89         Code  Wk  startup_stm32f10x_hd.o [2]
GPIO_Init                0x800'08d1   0xec  Code  Gb  stm32f10x_gpio.o [2]
GPIO_ReadInputDataBit    0x800'09bd   0x1c  Code  Gb  stm32f10x_gpio.o [2]
GPIO_ResetBits           0x800'09e1    0x8  Code  Gb  stm32f10x_gpio.o [2]
GPIO_SetBits             0x800'09d9    0x8  Code  Gb  stm32f10x_gpio.o [2]
GPIO_init                0x800'0889   0x48  Code  Gb  user_GPIO.o [3]
HardFault_Handler        0x800'24c1    0x2  Code  Gb  stm32f10x_it.o [1]
I2C1_ER_IRQHandler       0x800'2a4d         Code  Wk  startup_stm32f10x_hd.o [2]
I2C1_EV_IRQHandler       0x800'2a49         Code  Wk  startup_stm32f10x_hd.o [2]
I2C2_ER_IRQHandler       0x800'2a55         Code  Wk  startup_stm32f10x_hd.o [2]
I2C2_EV_IRQHandler       0x800'2a51         Code  Wk  startup_stm32f10x_hd.o [2]
MemManage_Handler        0x800'24c3    0x2  Code  Gb  stm32f10x_it.o [1]
NMI_Handler              0x800'29c9         Code  Wk  startup_stm32f10x_hd.o [2]
NVIC_Init                0x800'2449   0x66  Code  Gb  misc.o [2]
PVD_IRQHandler           0x800'29e1         Code  Wk  startup_stm32f10x_hd.o [2]
PendSV_Handler           0x800'29d9         Code  Wk  startup_stm32f10x_hd.o [2]
RCC_AHBPeriphClockCmd    0x800'0811   0x1c  Code  Gb  stm32f10x_rcc.o [2]
RCC_APB1PeriphClockCmd   0x800'0849   0x1c  Code  Gb  stm32f10x_rcc.o [2]
RCC_APB2PeriphClockCmd   0x800'082d   0x1c  Code  Gb  stm32f10x_rcc.o [2]
RCC_GetClocksFreq        0x800'0739   0xd8  Code  Gb  stm32f10x_rcc.o [2]
RCC_IRQHandler           0x800'29f1         Code  Wk  startup_stm32f10x_hd.o [2]
RTCAlarm_IRQHandler      0x800'2a6d         Code  Wk  startup_stm32f10x_hd.o [2]
RTC_IRQHandler           0x800'29e9         Code  Wk  startup_stm32f10x_hd.o [2]
RXi                     0x2000'0248    0x1  Data  Gb  user_USART.o [3]
Region$$Table$$Base      0x800'2930          --   Gb  - Linker created -
Region$$Table$$Limit     0x800'2954          --   Gb  - Linker created -
Reset_Handler            0x800'29b9         Code  Wk  startup_stm32f10x_hd.o [2]
SDIO_IRQHandler          0x800'2a8d         Code  Wk  startup_stm32f10x_hd.o [2]
SPI1_IRQHandler          0x800'2a59         Code  Wk  startup_stm32f10x_hd.o [2]
SPI2_IRQHandler          0x800'2a5d         Code  Wk  startup_stm32f10x_hd.o [2]
SPI3_IRQHandler          0x800'2a91         Code  Wk  startup_stm32f10x_hd.o [2]
SVC_Handler              0x800'29d1         Code  Wk  startup_stm32f10x_hd.o [2]
SetSysClock              0x800'27a9    0x8  Code  Lc  system_stm32f10x.o [2]
SetSysClockTo72          0x800'27b1   0xbe  Code  Lc  system_stm32f10x.o [2]
SysTick_Config           0x800'0161   0x36  Code  Lc  main.o [1]
SysTick_Handler          0x800'24c7   0x10  Code  Gb  stm32f10x_it.o [1]
SystemInit               0x800'2765   0x44  Code  Gb  system_stm32f10x.o [2]
TAMPER_IRQHandler        0x800'29e5         Code  Wk  startup_stm32f10x_hd.o [2]
TIM1_BRK_IRQHandler      0x800'2a39         Code  Wk  startup_stm32f10x_hd.o [2]
TIM1_CC_IRQHandler       0x800'2a45         Code  Wk  startup_stm32f10x_hd.o [2]
TIM1_TRG_COM_IRQHandler
                         0x800'2a41         Code  Wk  startup_stm32f10x_hd.o [2]
TIM1_UP_IRQHandler       0x800'2a3d         Code  Wk  startup_stm32f10x_hd.o [2]
TIM2_IRQHandler          0x800'24d7   0x1c  Code  Gb  stm32f10x_it.o [1]
TIM3_IRQHandler          0x800'24f3    0xc  Code  Gb  stm32f10x_it.o [1]
TIM4_IRQHandler          0x800'24ff   0x10  Code  Gb  stm32f10x_it.o [1]
TIM5_IRQHandler          0x800'250f   0x36  Code  Gb  stm32f10x_it.o [1]
TIM6_IRQHandler          0x800'2a9d         Code  Wk  startup_stm32f10x_hd.o [2]
TIM7_IRQHandler          0x800'2aa1         Code  Wk  startup_stm32f10x_hd.o [2]
TIM8_BRK_IRQHandler      0x800'2a75         Code  Wk  startup_stm32f10x_hd.o [2]
TIM8_CC_IRQHandler       0x800'2a81         Code  Wk  startup_stm32f10x_hd.o [2]
TIM8_TRG_COM_IRQHandler
                         0x800'2a7d         Code  Wk  startup_stm32f10x_hd.o [2]
TIM8_UP_IRQHandler       0x800'2a79         Code  Wk  startup_stm32f10x_hd.o [2]
TIM_ARRPreloadConfig     0x800'1df7   0x1e  Code  Gb  stm32f10x_tim.o [2]
TIM_ClearITPendingBit    0x800'1e2b    0xa  Code  Gb  stm32f10x_tim.o [2]
TIM_Cmd                  0x800'1dc1   0x1e  Code  Gb  stm32f10x_tim.o [2]
TIM_ITConfig             0x800'1ddf   0x18  Code  Gb  stm32f10x_tim.o [2]
TIM_OC2Init              0x800'1d0f   0x8a  Code  Gb  stm32f10x_tim.o [2]
TIM_OC2PreloadConfig     0x800'1e15   0x16  Code  Gb  stm32f10x_tim.o [2]
TIM_TimeBaseInit         0x800'1c85   0x8a  Code  Gb  stm32f10x_tim.o [2]
TIM_TimeBaseStructInit   0x800'1da9   0x18  Code  Gb  stm32f10x_tim.o [2]
TimingDelay             0x2000'0230    0x4  Data  Gb  user_TIMER.o [3]
TimingDelay_Decrement    0x800'0bcf   0x10  Code  Gb  user_TIMER.o [3]
UART4_IRQHandler         0x800'2a95         Code  Wk  startup_stm32f10x_hd.o [2]
UART5_IRQHandler         0x800'2a99         Code  Wk  startup_stm32f10x_hd.o [2]
USART1_IRQHandler        0x800'262d   0xb4  Code  Gb  stm32f10x_it.o [1]
USART1_put_char          0x800'14db   0x64  Code  Gb  user_USART.o [3]
USART1_put_string        0x800'153f   0x20  Code  Gb  user_USART.o [3]
USART2_IRQHandler        0x800'2a61         Code  Wk  startup_stm32f10x_hd.o [2]
USART3_IRQHandler        0x800'2a65         Code  Wk  startup_stm32f10x_hd.o [2]
USART_ClearITPendingBit
                         0x800'2421   0x26  Code  Gb  stm32f10x_usart.o [2]
USART_Cmd                0x800'22fd   0x1e  Code  Gb  stm32f10x_usart.o [2]
USART_GetFlagStatus      0x800'239b   0x1c  Code  Gb  stm32f10x_usart.o [2]
USART_GetITStatus        0x800'23b7   0x6a  Code  Gb  stm32f10x_usart.o [2]
USART_ITConfig           0x800'231b   0x70  Code  Gb  stm32f10x_usart.o [2]
USART_Init               0x800'2221   0xd8  Code  Gb  stm32f10x_usart.o [2]
USART_ReceiveData        0x800'2393    0x8  Code  Gb  stm32f10x_usart.o [2]
USART_SendData           0x800'238b    0x8  Code  Gb  stm32f10x_usart.o [2]
USBWakeUp_IRQHandler     0x800'2a71         Code  Wk  startup_stm32f10x_hd.o [2]
USB_HP_CAN1_TX_IRQHandler
                         0x800'2a25         Code  Wk  startup_stm32f10x_hd.o [2]
USB_LP_CAN1_RX0_IRQHandler
                         0x800'2a29         Code  Wk  startup_stm32f10x_hd.o [2]
UsageFault_Handler       0x800'29cd         Code  Wk  startup_stm32f10x_hd.o [2]
WWDG_IRQHandler          0x800'29dd         Code  Wk  startup_stm32f10x_hd.o [2]
__NVIC_EnableIRQ         0x800'0de1   0x1e  Code  Lc  user_ADC.o [3]
__NVIC_EnableIRQ         0x800'09e9   0x1e  Code  Lc  user_TIMER.o [3]
__NVIC_SetPriority       0x800'0131   0x30  Code  Lc  main.o [1]
__NVIC_SetPriority       0x800'0dff   0x2c  Code  Lc  user_ADC.o [3]
__NVIC_SetPriority       0x800'0a07   0x2c  Code  Lc  user_TIMER.o [3]
__aeabi_cdcmpeq          0x800'1581         Code  Gb  DblCmpEq.o [5]
__aeabi_cdcmple          0x800'18ad         Code  Gb  DblCmpLe.o [5]
__aeabi_d2f              0x800'1b29         Code  Gb  DblToFlt.o [5]
__aeabi_d2iz             0x800'1849         Code  Gb  DblToS32.o [5]
__aeabi_dadd             0x800'15e9         Code  Gb  DblAddSub.o [5]
__aeabi_ddiv             0x800'18e1         Code  Gb  DblDiv.o [5]
__aeabi_dmul             0x800'0c0d         Code  Gb  DblMul.o [5]
__aeabi_dsub             0x800'1765         Code  Gb  DblAddSub.o [5]
__aeabi_f2d              0x800'15a1         Code  Gb  FltToDbl.o [5]
__aeabi_fmul             0x800'1bad         Code  Gb  FltMul.o [5]
__aeabi_i2d              0x800'1889         Code  Gb  S32ToDbl.o [5]
__aeabi_ui2d             0x800'2749         Code  Gb  U32ToDbl.o [5]
__aeabi_ui2f             0x800'1b91         Code  Gb  U32ToFlt.o [5]
__cmain                  0x800'2955         Code  Gb  cmain.o [6]
__exit                   0x800'2989   0x14  Code  Gb  exit.o [7]
__iar_copy_init3         0x800'0db7   0x2a  Code  Gb  copy_init3.o [6]
__iar_data_init3         0x800'2909   0x28  Code  Gb  data_init.o [6]
__iar_program_start      0x800'299d         Code  Gb  cstartup_M.o [6]
__iar_zero_init3         0x800'28d1   0x38  Code  Gb  zero_init3.o [6]
__low_level_init         0x800'2973    0x4  Code  Gb  low_level_init.o [4]
__vector_table           0x800'0000         Data  Gb  startup_stm32f10x_hd.o [2]
_call_main               0x800'2961         Code  Gb  cmain.o [6]
_exit                    0x800'297d         Code  Gb  cexit.o [6]
abs                      0x800'187f    0x8  Code  Wk  abs.o [4]
actualCurrent           0x2000'01f0    0x4  Data  Gb  main.o [1]
actualVoltage           0x2000'0190    0x4  Data  Gb  main.o [1]
adcCurrentCounter       0x2000'0220    0x4  Data  Gb  stm32f10x_it.o [1]
adcCurrentSample        0x2000'0028    0x4  Data  Gb  stm32f10x_it.o [1]
adcCurrentSum           0x2000'021c    0x4  Data  Gb  stm32f10x_it.o [1]
adcCurrent_init          0x800'0f31   0xfe  Code  Gb  user_ADC.o [3]
adcVoltageCounter       0x2000'0218    0x4  Data  Gb  stm32f10x_it.o [1]
adcVoltageSample        0x2000'0024    0x4  Data  Gb  stm32f10x_it.o [1]
adcVoltageSum           0x2000'0214    0x4  Data  Gb  stm32f10x_it.o [1]
adcVoltage_init          0x800'0e2b  0x106  Code  Gb  user_ADC.o [3]
adress                  0x2000'0245    0x1  Data  Gb  main.o [1]
b_cur                   0x2000'0200    0x4  Data  Gb  main.o [1]
b_vol                   0x2000'01fc    0x4  Data  Gb  main.o [1]
crc16                    0x800'13ad   0x40  Code  Gb  modbus.o [3]
currentADCValue         0x2000'01e8    0x8  Data  Gb  stm32f10x_it.o [1]
defectDetected          0x2000'0244    0x1  Data  Gb  main.o [1]
defectPos               0x2000'01f8    0x4  Data  Gb  main.o [1]
dmaVoltageCounter       0x2000'020c    0x4  Data  Gb  stm32f10x_it.o [1]
err                     0x2000'01a8    0x8  Data  Gb  main.o [1]
errorCounter            0x2000'0247    0x1  Data  Gb  stm32f10x_it.o [1]
exit                     0x800'2977    0x4  Code  Gb  exit.o [4]
gerAdress                0x800'0443   0x62  Code  Gb  main.o [1]
getReg                   0x800'10c3   0x18  Code  Gb  modbus.o [3]
k_cur                   0x2000'0020    0x4  Data  Gb  main.o [1]
k_vol                   0x2000'001c    0x4  Data  Gb  main.o [1]
main                     0x800'0197  0x114  Code  Gb  main.o [1]
maxCCR                  0x2000'0010    0x8  Data  Gb  main.o [1]
maxCurrent              0x2000'0018    0x4  Data  Gb  main.o [1]
maxDefectCurrent        0x2000'01f4    0x4  Data  Gb  main.o [1]
minCCR                  0x2000'01a0    0x8  Data  Gb  main.o [1]
modAdd                  0x2000'0246    0x1  Data  Gb  modbus.o [3]
modbus16                 0x800'12cb   0xbc  Code  Gb  modbus.o [3]
modbus3                  0x800'1165   0xc8  Code  Gb  modbus.o [3]
modbus6                  0x800'122d   0x9e  Code  Gb  modbus.o [3]
modbusInit               0x800'1061   0x46  Code  Gb  modbus.o [3]
modbusProcess            0x800'10db   0x8a  Code  Gb  modbus.o [3]
ms_counter              0x2000'0224    0x4  Data  Gb  stm32f10x_it.o [1]
position                0x2000'0204    0x4  Data  Gb  modbus.o [3]
readFlag                0x2000'0042    0x1  Data  Gb  modbus.o [3]
regKoef                 0x2000'0008    0x8  Data  Gb  main.o [1]
regKoefCur              0x2000'0000    0x8  Data  Gb  main.o [1]
regs                    0x2000'0170   0x20  Data  Gb  modbus.o [3]
regulatorAct             0x800'04a5   0xc0  Code  Gb  main.o [1]
rxBuf                   0x2000'0044   0x64  Data  Gb  user_USART.o [3]
saveADC_ActualCurrentEt1
                         0x800'0581    0xe  Code  Gb  main.o [1]
saveADC_ActualCurrentEt2
                         0x800'058f    0xe  Code  Gb  main.o [1]
saveADC_ActualVoltageEt1
                         0x800'0565    0xe  Code  Gb  main.o [1]
saveADC_ActualVoltageEt2
                         0x800'0573    0xe  Code  Gb  main.o [1]
saveToEEPROM             0x800'059d  0x10e  Code  Gb  main.o [1]
setCcr3Tim               0x800'0b15    0x6  Code  Gb  user_TIMER.o [3]
setReg                   0x800'10a7   0x1c  Code  Gb  modbus.o [3]
speed                   0x2000'0208    0x4  Data  Gb  modbus.o [3]
tim2_init                0x800'0a33   0x4a  Code  Gb  user_TIMER.o [3]
tim3_pwm_init            0x800'0a7d   0x98  Code  Gb  user_TIMER.o [3]
tim4_init                0x800'0b1b   0x50  Code  Gb  user_TIMER.o [3]
tim5_init                0x800'0b6b   0x52  Code  Gb  user_TIMER.o [3]
toBuf                    0x800'14bd   0x1e  Code  Gb  user_USART.o [3]
txBuf                   0x2000'00a8   0x64  Data  Gb  user_USART.o [3]
tx_buffer               0x2000'010c   0x64  Data  Gb  user_USART.o [3]
tx_counter              0x2000'023c    0x4  Data  Gb  user_USART.o [3]
tx_rd_index             0x2000'0238    0x4  Data  Gb  user_USART.o [3]
tx_wr_index             0x2000'0234    0x4  Data  Gb  user_USART.o [3]
updateCurrent            0x800'034f   0xf4  Code  Gb  main.o [1]
updateVoltage            0x800'02ab   0xa4  Code  Gb  main.o [1]
usart_init               0x800'13ed   0xd0  Code  Gb  user_USART.o [3]
ustVoltage              0x2000'0240    0x2  Data  Gb  main.o [1]
vel_adc                 0x2000'0210    0x4  Data  Gb  stm32f10x_it.o [1]
voltageADCValue         0x2000'01e0    0x8  Data  Gb  stm32f10x_it.o [1]


[1] = C:\Ruslan\IAR\EX\IAR_Project\Debug\Obj
[2] = C:\Ruslan\IAR\EX\IAR_Project\Debug\Obj\STM32Std
[3] = C:\Ruslan\IAR\EX\IAR_Project\Debug\Obj\User
[4] = dl7M_tlf.a
[5] = m7M_tl.a
[6] = rt7M_tl.a
[7] = shb_l.a

  10'824 bytes of readonly  code memory
     104 bytes of readonly  data memory
   2'632 bytes of readwrite data memory

Errors: none
Warnings: none
