###############################################################################
#
# IAR ELF Linker V9.32.2.340/W64 for ARM                  03/Oct/2023  15:01:48
# Copyright 2007-2023 IAR Systems AB.
#
#    Output file  =  C:\Ruslan\IAR\EX\IAR_Project\Debug\Exe\Nextion.out
#    Map file     =  C:\Ruslan\IAR\EX\IAR_Project\Debug\List\Nextion.map
#    Command line =
#        -f C:\Ruslan\IAR\EX\IAR_Project\Debug\Exe\Nextion.out.rsp
#        (C:\Ruslan\IAR\EX\IAR_Project\Debug\Obj\main.o
#        C:\Ruslan\IAR\EX\IAR_Project\Debug\Obj\STM32Std\misc.o
#        C:\Ruslan\IAR\EX\IAR_Project\Debug\Obj\User\modbus.o
#        C:\Ruslan\IAR\EX\IAR_Project\Debug\Obj\STM32Std\startup_stm32f10x_hd.o
#        C:\Ruslan\IAR\EX\IAR_Project\Debug\Obj\STM32Std\stm32f10x_adc.o
#        C:\Ruslan\IAR\EX\IAR_Project\Debug\Obj\STM32Std\stm32f10x_dma.o
#        C:\Ruslan\IAR\EX\IAR_Project\Debug\Obj\STM32Std\stm32f10x_gpio.o
#        C:\Ruslan\IAR\EX\IAR_Project\Debug\Obj\stm32f10x_it.o
#        C:\Ruslan\IAR\EX\IAR_Project\Debug\Obj\STM32Std\stm32f10x_rcc.o
#        C:\Ruslan\IAR\EX\IAR_Project\Debug\Obj\STM32Std\stm32f10x_tim.o
#        C:\Ruslan\IAR\EX\IAR_Project\Debug\Obj\STM32Std\stm32f10x_usart.o
#        C:\Ruslan\IAR\EX\IAR_Project\Debug\Obj\STM32Std\system_stm32f10x.o
#        C:\Ruslan\IAR\EX\IAR_Project\Debug\Obj\User\user_ADC.o
#        C:\Ruslan\IAR\EX\IAR_Project\Debug\Obj\User\user_GPIO.o
#        C:\Ruslan\IAR\EX\IAR_Project\Debug\Obj\User\user_TIMER.o
#        C:\Ruslan\IAR\EX\IAR_Project\Debug\Obj\User\user_USART.o --redirect
#        _Printf=_PrintfFullNoMb --redirect _Scanf=_ScanfFullNoMb
#        --no_out_extension -o
#        C:\Ruslan\IAR\EX\IAR_Project\Debug\Exe\Nextion.out --map
#        C:\Ruslan\IAR\EX\IAR_Project\Debug\List\Nextion.map --config
#        "C:\Program Files\IAR Systems\Embedded Workbench
#        9.1\arm/config/linker/ST/stm32f103x6.icf" --semihosting --entry
#        __iar_program_start --vfe --text_out locale --cpu=Cortex-M3
#        --fpu=None)
#
###############################################################################

*******************************************************************************
*** RUNTIME MODEL ATTRIBUTES
***

CppFlavor       = *
__CPP_Runtime   = 1
__SystemLibrary = DLib
__dlib_version  = 6


*******************************************************************************
*** HEAP SELECTION
***

The basic heap was selected because --advanced_heap
was not specified and the application did not appear to
be primarily optimized for speed.


*******************************************************************************
*** PLACEMENT SUMMARY
***

"A0":  place at address 0x800'0000 { ro section .intvec };
"P1":  place in [from 0x800'0000 to 0x800'7fff] { ro };
define block CSTACK with size = 2K, alignment = 8 { };
define block HEAP with size = 2K, alignment = 8 { };
"P2":  place in [from 0x2000'0000 to 0x2000'27ff] {
          rw, block CSTACK, block HEAP };
initialize by copy { rw };

  Section            Kind         Address    Size  Object
  -------            ----         -------    ----  ------
"A0":                                       0x130
  .intvec            ro code   0x800'0000   0x130  startup_stm32f10x_hd.o [2]
                             - 0x800'0130   0x130

"P1":                                      0x25fc
  .text              ro code   0x800'0130   0x490  main.o [1]
  .text              ro code   0x800'05c0   0x150  stm32f10x_rcc.o [2]
  .text              ro code   0x800'0710    0x2c  user_GPIO.o [3]
  .text              ro code   0x800'073c   0x118  stm32f10x_gpio.o [2]
  .text              ro code   0x800'0854   0x224  user_TIMER.o [3]
  .text              ro code   0x800'0a78   0x1aa  DblMul.o [5]
  .text              ro code   0x800'0c22    0x2a  copy_init3.o [6]
  .text              ro code   0x800'0c4c   0x280  user_ADC.o [3]
  .text              ro code   0x800'0ecc   0x348  modbus.o [3]
  .text              ro code   0x800'1214   0x194  user_USART.o [3]
  .text              ro code   0x800'13a8    0x20  DblCmpEq.o [5]
  .text              ro code   0x800'13c8   0x25e  DblAddSub.o [5]
  .text              ro code   0x800'1628    0x36  DblToS32.o [5]
  .text              ro code   0x800'1660    0x34  DblCmpLe.o [5]
  .text              ro code   0x800'1694     0x8  abs.o [4]
  .text              ro code   0x800'169c    0x22  S32ToDbl.o [5]
  .text              ro code   0x800'16c0   0x1cc  stm32f10x_tim.o [2]
  .text              ro code   0x800'188c   0x1d8  stm32f10x_dma.o [2]
  .text              ro code   0x800'1a64   0x1f8  stm32f10x_adc.o [2]
  .text              ro code   0x800'1c5c   0x226  stm32f10x_usart.o [2]
  .text              ro code   0x800'1e84    0x78  misc.o [2]
  .text              ro code   0x800'1efc   0x288  stm32f10x_it.o [1]
  .text              ro code   0x800'2184    0x1c  U32ToDbl.o [5]
  .text              ro code   0x800'21a0   0x246  DblDiv.o [5]
  .text              ro code   0x800'23e8   0x128  system_stm32f10x.o [2]
  Initializer bytes  const     0x800'2510    0x3c  <for P2-1>
  .text              ro code   0x800'254c    0x38  zero_init3.o [6]
  .text              ro code   0x800'2584    0x28  data_init.o [6]
  .iar.init_table    const     0x800'25ac    0x24  - Linker created -
  .text              ro code   0x800'25d0    0x1e  cmain.o [6]
  .text              ro code   0x800'25ee     0x4  low_level_init.o [4]
  .text              ro code   0x800'25f2     0x4  exit.o [4]
  .text              ro code   0x800'25f8     0xa  cexit.o [6]
  .text              ro code   0x800'2604    0x14  exit.o [7]
  .text              ro code   0x800'2618    0x1c  cstartup_M.o [6]
  .text              ro code   0x800'2634    0x10  startup_stm32f10x_hd.o [2]
  .text              ro code   0x800'2644     0x4  startup_stm32f10x_hd.o [2]
  .text              ro code   0x800'2648     0x4  startup_stm32f10x_hd.o [2]
  .text              ro code   0x800'264c     0x4  startup_stm32f10x_hd.o [2]
  .text              ro code   0x800'2650     0x4  startup_stm32f10x_hd.o [2]
  .text              ro code   0x800'2654     0x4  startup_stm32f10x_hd.o [2]
  .text              ro code   0x800'2658     0x4  startup_stm32f10x_hd.o [2]
  .text              ro code   0x800'265c     0x4  startup_stm32f10x_hd.o [2]
  .text              ro code   0x800'2660     0x4  startup_stm32f10x_hd.o [2]
  .text              ro code   0x800'2664     0x4  startup_stm32f10x_hd.o [2]
  .text              ro code   0x800'2668     0x4  startup_stm32f10x_hd.o [2]
  .text              ro code   0x800'266c     0x4  startup_stm32f10x_hd.o [2]
  .text              ro code   0x800'2670     0x4  startup_stm32f10x_hd.o [2]
  .text              ro code   0x800'2674     0x4  startup_stm32f10x_hd.o [2]
  .text              ro code   0x800'2678     0x4  startup_stm32f10x_hd.o [2]
  .text              ro code   0x800'267c     0x4  startup_stm32f10x_hd.o [2]
  .text              ro code   0x800'2680     0x4  startup_stm32f10x_hd.o [2]
  .text              ro code   0x800'2684     0x4  startup_stm32f10x_hd.o [2]
  .text              ro code   0x800'2688     0x4  startup_stm32f10x_hd.o [2]
  .text              ro code   0x800'268c     0x4  startup_stm32f10x_hd.o [2]
  .text              ro code   0x800'2690     0x4  startup_stm32f10x_hd.o [2]
  .text              ro code   0x800'2694     0x4  startup_stm32f10x_hd.o [2]
  .text              ro code   0x800'2698     0x4  startup_stm32f10x_hd.o [2]
  .text              ro code   0x800'269c     0x4  startup_stm32f10x_hd.o [2]
  .text              ro code   0x800'26a0     0x4  startup_stm32f10x_hd.o [2]
  .text              ro code   0x800'26a4     0x4  startup_stm32f10x_hd.o [2]
  .text              ro code   0x800'26a8     0x4  startup_stm32f10x_hd.o [2]
  .text              ro code   0x800'26ac     0x4  startup_stm32f10x_hd.o [2]
  .text              ro code   0x800'26b0     0x4  startup_stm32f10x_hd.o [2]
  .text              ro code   0x800'26b4     0x4  startup_stm32f10x_hd.o [2]
  .text              ro code   0x800'26b8     0x4  startup_stm32f10x_hd.o [2]
  .text              ro code   0x800'26bc     0x4  startup_stm32f10x_hd.o [2]
  .text              ro code   0x800'26c0     0x4  startup_stm32f10x_hd.o [2]
  .text              ro code   0x800'26c4     0x4  startup_stm32f10x_hd.o [2]
  .text              ro code   0x800'26c8     0x4  startup_stm32f10x_hd.o [2]
  .text              ro code   0x800'26cc     0x4  startup_stm32f10x_hd.o [2]
  .text              ro code   0x800'26d0     0x4  startup_stm32f10x_hd.o [2]
  .text              ro code   0x800'26d4     0x4  startup_stm32f10x_hd.o [2]
  .text              ro code   0x800'26d8     0x4  startup_stm32f10x_hd.o [2]
  .text              ro code   0x800'26dc     0x4  startup_stm32f10x_hd.o [2]
  .text              ro code   0x800'26e0     0x4  startup_stm32f10x_hd.o [2]
  .text              ro code   0x800'26e4     0x4  startup_stm32f10x_hd.o [2]
  .text              ro code   0x800'26e8     0x4  startup_stm32f10x_hd.o [2]
  .text              ro code   0x800'26ec     0x4  startup_stm32f10x_hd.o [2]
  .text              ro code   0x800'26f0     0x4  startup_stm32f10x_hd.o [2]
  .text              ro code   0x800'26f4     0x4  startup_stm32f10x_hd.o [2]
  .text              ro code   0x800'26f8     0x4  startup_stm32f10x_hd.o [2]
  .text              ro code   0x800'26fc     0x4  startup_stm32f10x_hd.o [2]
  .text              ro code   0x800'2700     0x4  startup_stm32f10x_hd.o [2]
  .text              ro code   0x800'2704     0x4  startup_stm32f10x_hd.o [2]
  .text              ro code   0x800'2708     0x4  startup_stm32f10x_hd.o [2]
  .text              ro code   0x800'270c     0x4  startup_stm32f10x_hd.o [2]
  .text              ro code   0x800'2710     0x4  startup_stm32f10x_hd.o [2]
  .text              ro code   0x800'2714     0x4  startup_stm32f10x_hd.o [2]
  .text              ro code   0x800'2718     0x4  startup_stm32f10x_hd.o [2]
  .text              ro code   0x800'271c     0x4  startup_stm32f10x_hd.o [2]
  .text              ro code   0x800'2720     0x4  startup_stm32f10x_hd.o [2]
  .text              ro code   0x800'2724     0x4  startup_stm32f10x_hd.o [2]
  .text              ro code   0x800'2728     0x4  startup_stm32f10x_hd.o [2]
  .rodata            const     0x800'272c     0x0  zero_init3.o [6]
  .rodata            const     0x800'272c     0x0  copy_init3.o [6]
                             - 0x800'272c  0x25fc

"P2", part 1 of 3:                           0x3c
  P2-1                        0x2000'0000    0x3b  <Init block>
    .data            inited   0x2000'0000     0x8  main.o [1]
    .data            inited   0x2000'0008     0x8  main.o [1]
    .data            inited   0x2000'0010     0x8  main.o [1]
    .data            inited   0x2000'0018     0x4  main.o [1]
    .data            inited   0x2000'001c     0x4  stm32f10x_it.o [1]
    .data            inited   0x2000'0020     0x4  stm32f10x_it.o [1]
    .data            inited   0x2000'0024    0x10  stm32f10x_rcc.o [2]
    .data            inited   0x2000'0034     0x4  stm32f10x_rcc.o [2]
    .data            inited   0x2000'0038     0x2  user_TIMER.o [3]
    .data            inited   0x2000'003a     0x1  modbus.o [3]
                            - 0x2000'003b    0x3b

"P2", part 2 of 3:                          0x1c4
  .bss               zero     0x2000'003c    0x64  user_USART.o [3]
  .bss               zero     0x2000'00a0    0x64  user_USART.o [3]
  .bss               zero     0x2000'0104    0x64  user_USART.o [3]
  .bss               zero     0x2000'0168    0x14  modbus.o [3]
  .bss               zero     0x2000'0180     0x8  main.o [1]
  .bss               zero     0x2000'0188     0x8  main.o [1]
  .bss               zero     0x2000'0190     0x8  main.o [1]
  .bss               zero     0x2000'0198     0x8  stm32f10x_it.o [1]
  .bss               zero     0x2000'01a0     0x8  stm32f10x_it.o [1]
  .bss               zero     0x2000'01a8     0x4  main.o [1]
  .bss               zero     0x2000'01ac     0x4  main.o [1]
  .bss               zero     0x2000'01b0     0x4  main.o [1]
  .bss               zero     0x2000'01b4     0x4  main.o [1]
  .bss               zero     0x2000'01b8     0x4  modbus.o [3]
  .bss               zero     0x2000'01bc     0x4  modbus.o [3]
  .bss               zero     0x2000'01c0     0x4  stm32f10x_it.o [1]
  .bss               zero     0x2000'01c4     0x4  stm32f10x_it.o [1]
  .bss               zero     0x2000'01c8     0x4  stm32f10x_it.o [1]
  .bss               zero     0x2000'01cc     0x4  stm32f10x_it.o [1]
  .bss               zero     0x2000'01d0     0x4  stm32f10x_it.o [1]
  .bss               zero     0x2000'01d4     0x4  stm32f10x_it.o [1]
  .bss               zero     0x2000'01d8     0x4  stm32f10x_it.o [1]
  .bss               zero     0x2000'01dc     0x4  user_ADC.o [3]
  .bss               zero     0x2000'01e0     0x4  user_ADC.o [3]
  .bss               zero     0x2000'01e4     0x4  user_TIMER.o [3]
  .bss               zero     0x2000'01e8     0x4  user_USART.o [3]
  .bss               zero     0x2000'01ec     0x4  user_USART.o [3]
  .bss               zero     0x2000'01f0     0x4  user_USART.o [3]
  .bss               zero     0x2000'01f4     0x2  main.o [1]
  .bss               zero     0x2000'01f6     0x2  modbus.o [3]
  .bss               zero     0x2000'01f8     0x1  main.o [1]
  .bss               zero     0x2000'01f9     0x1  main.o [1]
  .bss               zero     0x2000'01fa     0x1  modbus.o [3]
  .bss               zero     0x2000'01fb     0x1  stm32f10x_it.o [1]
  .bss               zero     0x2000'01fc     0x1  user_USART.o [3]
                            - 0x2000'01fd   0x1c1

"P2", part 3 of 3:                          0x800
  CSTACK                      0x2000'0200   0x800  <Block>
    CSTACK           uninit   0x2000'0200   0x800  <Block tail>
                            - 0x2000'0a00   0x800

Unused ranges:

         From           To    Size
         ----           --    ----
   0x800'272c   0x800'7fff  0x58d4
  0x2000'0a00  0x2000'27ff  0x1e00


*******************************************************************************
*** INIT TABLE
***

          Address      Size
          -------      ----
Zero (__iar_zero_init3)
    1 destination range, total size 0x1c1:
          0x2000'003c  0x1c1

Copy (__iar_copy_init3)
    1 source range, total size 0x3c (101% of destination):
           0x800'2510   0x3c
    1 destination range, total size 0x3b:
          0x2000'0000   0x3b



*******************************************************************************
*** MODULE SUMMARY
***

    Module                  ro code  ro data  rw data
    ------                  -------  -------  -------
command line/config:
    -------------------------------------------------
    Total:

C:\Ruslan\IAR\EX\IAR_Project\Debug\Obj: [1]
    main.o                    1'168       28       72
    stm32f10x_it.o              648        8       53
    -------------------------------------------------
    Total:                    1'816       36      125

C:\Ruslan\IAR\EX\IAR_Project\Debug\Obj\STM32Std: [2]
    misc.o                      120
    startup_stm32f10x_hd.o      552
    stm32f10x_adc.o             504
    stm32f10x_dma.o             472
    stm32f10x_gpio.o            280
    stm32f10x_rcc.o             336       20       20
    stm32f10x_tim.o             460
    stm32f10x_usart.o           550
    system_stm32f10x.o          296
    -------------------------------------------------
    Total:                    3'570       20       20

C:\Ruslan\IAR\EX\IAR_Project\Debug\Obj\User: [3]
    modbus.o                    840        1       32
    user_ADC.o                  640                 8
    user_GPIO.o                  44
    user_TIMER.o                548        2        6
    user_USART.o                404               313
    -------------------------------------------------
    Total:                    2'476        3      359

dl7M_tlf.a: [4]
    abs.o                         8
    exit.o                        4
    low_level_init.o              4
    -------------------------------------------------
    Total:                       16

m7M_tl.a: [5]
    DblAddSub.o                 606
    DblCmpEq.o                   32
    DblCmpLe.o                   52
    DblDiv.o                    582
    DblMul.o                    426
    DblToS32.o                   54
    S32ToDbl.o                   34
    U32ToDbl.o                   28
    -------------------------------------------------
    Total:                    1'814

rt7M_tl.a: [6]
    cexit.o                      10
    cmain.o                      30
    copy_init3.o                 42
    cstartup_M.o                 28
    data_init.o                  40
    zero_init3.o                 56
    -------------------------------------------------
    Total:                      206

shb_l.a: [7]
    exit.o                       20
    -------------------------------------------------
    Total:                       20

    Gaps                         14                 4
    Linker created                        37    2'048
-----------------------------------------------------
    Grand Total:              9'932       96    2'556


*******************************************************************************
*** ENTRY LIST
***

Entry                       Address   Size  Type      Object
-----                       -------   ----  ----      ------
.iar.init_table$$Base    0x800'25ac          --   Gb  - Linker created -
.iar.init_table$$Limit   0x800'25d0          --   Gb  - Linker created -
?main                    0x800'25d1         Code  Gb  cmain.o [6]
ADC1ConvertedValue      0x2000'01dc    0x4  Data  Gb  user_ADC.o [3]
ADC1_2_IRQHandler        0x800'269d         Code  Wk  startup_stm32f10x_hd.o [2]
ADC3ConvertedValue      0x2000'01e0    0x4  Data  Gb  user_ADC.o [3]
ADC3_IRQHandler          0x800'2701         Code  Wk  startup_stm32f10x_hd.o [2]
ADCPrescTable           0x2000'0034    0x4  Data  Lc  stm32f10x_rcc.o [2]
ADC_Cmd                  0x800'1ab1   0x1c  Code  Gb  stm32f10x_adc.o [2]
ADC_DMACmd               0x800'1acd   0x1c  Code  Gb  stm32f10x_adc.o [2]
ADC_GetCalibrationStatus
                         0x800'1b11   0x14  Code  Gb  stm32f10x_adc.o [2]
ADC_GetResetCalibrationStatus
                         0x800'1af3   0x14  Code  Gb  stm32f10x_adc.o [2]
ADC_Init                 0x800'1a65   0x4c  Code  Gb  stm32f10x_adc.o [2]
ADC_RegularChannelConfig
                         0x800'1b41  0x112  Code  Gb  stm32f10x_adc.o [2]
ADC_ResetCalibration     0x800'1ae9    0xa  Code  Gb  stm32f10x_adc.o [2]
ADC_SoftwareStartConvCmd
                         0x800'1b25   0x1c  Code  Gb  stm32f10x_adc.o [2]
ADC_StartCalibration     0x800'1b07    0xa  Code  Gb  stm32f10x_adc.o [2]
APBAHBPrescTable        0x2000'0024   0x10  Data  Lc  stm32f10x_rcc.o [2]
BusFault_Handler         0x800'1f01    0x2  Code  Gb  stm32f10x_it.o [1]
CAN1_RX1_IRQHandler      0x800'26a9         Code  Wk  startup_stm32f10x_hd.o [2]
CAN1_SCE_IRQHandler      0x800'26ad         Code  Wk  startup_stm32f10x_hd.o [2]
CCR                     0x2000'0180    0x8  Data  Gb  main.o [1]
CCR1_Val                0x2000'0038    0x2  Data  Gb  user_TIMER.o [3]
CRC16                   0x2000'01f6    0x2  Data  Gb  modbus.o [3]
CSTACK$$Base            0x2000'0200          --   Gb  - Linker created -
CSTACK$$Limit           0x2000'0a00          --   Gb  - Linker created -
DMA1_Channel1_IRQHandler
                         0x800'1f81   0x70  Code  Gb  stm32f10x_it.o [1]
DMA1_Channel2_IRQHandler
                         0x800'2685         Code  Wk  startup_stm32f10x_hd.o [2]
DMA1_Channel3_IRQHandler
                         0x800'2689         Code  Wk  startup_stm32f10x_hd.o [2]
DMA1_Channel4_IRQHandler
                         0x800'268d         Code  Wk  startup_stm32f10x_hd.o [2]
DMA1_Channel5_IRQHandler
                         0x800'2691         Code  Wk  startup_stm32f10x_hd.o [2]
DMA1_Channel6_IRQHandler
                         0x800'2695         Code  Wk  startup_stm32f10x_hd.o [2]
DMA1_Channel7_IRQHandler
                         0x800'2699         Code  Wk  startup_stm32f10x_hd.o [2]
DMA2_Channel1_IRQHandler
                         0x800'2721         Code  Wk  startup_stm32f10x_hd.o [2]
DMA2_Channel2_IRQHandler
                         0x800'2725         Code  Wk  startup_stm32f10x_hd.o [2]
DMA2_Channel3_IRQHandler
                         0x800'2729         Code  Wk  startup_stm32f10x_hd.o [2]
DMA2_Channel4_5_IRQHandler
                         0x800'1ff1   0x78  Code  Gb  stm32f10x_it.o [1]
DMA_ClearITPendingBit    0x800'1a13   0x10  Code  Gb  stm32f10x_dma.o [2]
DMA_Cmd                  0x800'19bb   0x1e  Code  Gb  stm32f10x_dma.o [2]
DMA_DeInit               0x800'188d   0xf2  Code  Gb  stm32f10x_dma.o [2]
DMA_GetITStatus          0x800'19f1   0x22  Code  Gb  stm32f10x_dma.o [2]
DMA_ITConfig             0x800'19d9   0x18  Code  Gb  stm32f10x_dma.o [2]
DMA_Init                 0x800'197f   0x3c  Code  Gb  stm32f10x_dma.o [2]
DebugMon_Handler         0x800'2651         Code  Wk  startup_stm32f10x_hd.o [2]
Delay                    0x800'0a29   0x12  Code  Gb  user_TIMER.o [3]
EXTI0_IRQHandler         0x800'2671         Code  Wk  startup_stm32f10x_hd.o [2]
EXTI15_10_IRQHandler     0x800'26e5         Code  Wk  startup_stm32f10x_hd.o [2]
EXTI1_IRQHandler         0x800'2675         Code  Wk  startup_stm32f10x_hd.o [2]
EXTI2_IRQHandler         0x800'2679         Code  Wk  startup_stm32f10x_hd.o [2]
EXTI3_IRQHandler         0x800'267d         Code  Wk  startup_stm32f10x_hd.o [2]
EXTI4_IRQHandler         0x800'2681         Code  Wk  startup_stm32f10x_hd.o [2]
EXTI9_5_IRQHandler       0x800'26b1         Code  Wk  startup_stm32f10x_hd.o [2]
FLASH_IRQHandler         0x800'2669         Code  Wk  startup_stm32f10x_hd.o [2]
FSMC_IRQHandler          0x800'2705         Code  Wk  startup_stm32f10x_hd.o [2]
GPIO_Init                0x800'073d   0xec  Code  Gb  stm32f10x_gpio.o [2]
GPIO_ReadInputDataBit    0x800'0829   0x1c  Code  Gb  stm32f10x_gpio.o [2]
GPIO_ResetBits           0x800'084d    0x8  Code  Gb  stm32f10x_gpio.o [2]
GPIO_SetBits             0x800'0845    0x8  Code  Gb  stm32f10x_gpio.o [2]
GPIO_init                0x800'0711   0x2c  Code  Gb  user_GPIO.o [3]
HardFault_Handler        0x800'1efd    0x2  Code  Gb  stm32f10x_it.o [1]
I2C1_ER_IRQHandler       0x800'26c9         Code  Wk  startup_stm32f10x_hd.o [2]
I2C1_EV_IRQHandler       0x800'26c5         Code  Wk  startup_stm32f10x_hd.o [2]
I2C2_ER_IRQHandler       0x800'26d1         Code  Wk  startup_stm32f10x_hd.o [2]
I2C2_EV_IRQHandler       0x800'26cd         Code  Wk  startup_stm32f10x_hd.o [2]
MemManage_Handler        0x800'1eff    0x2  Code  Gb  stm32f10x_it.o [1]
NMI_Handler              0x800'2645         Code  Wk  startup_stm32f10x_hd.o [2]
NVIC_Init                0x800'1e85   0x66  Code  Gb  misc.o [2]
PVD_IRQHandler           0x800'265d         Code  Wk  startup_stm32f10x_hd.o [2]
PendSV_Handler           0x800'2655         Code  Wk  startup_stm32f10x_hd.o [2]
RCC_AHBPeriphClockCmd    0x800'0699   0x1c  Code  Gb  stm32f10x_rcc.o [2]
RCC_APB1PeriphClockCmd   0x800'06d1   0x1c  Code  Gb  stm32f10x_rcc.o [2]
RCC_APB2PeriphClockCmd   0x800'06b5   0x1c  Code  Gb  stm32f10x_rcc.o [2]
RCC_GetClocksFreq        0x800'05c1   0xd8  Code  Gb  stm32f10x_rcc.o [2]
RCC_IRQHandler           0x800'266d         Code  Wk  startup_stm32f10x_hd.o [2]
RTCAlarm_IRQHandler      0x800'26e9         Code  Wk  startup_stm32f10x_hd.o [2]
RTC_IRQHandler           0x800'2665         Code  Wk  startup_stm32f10x_hd.o [2]
RXi                     0x2000'01fc    0x1  Data  Gb  user_USART.o [3]
Region$$Table$$Base      0x800'25ac          --   Gb  - Linker created -
Region$$Table$$Limit     0x800'25d0          --   Gb  - Linker created -
Reset_Handler            0x800'2635         Code  Wk  startup_stm32f10x_hd.o [2]
SDIO_IRQHandler          0x800'2709         Code  Wk  startup_stm32f10x_hd.o [2]
SPI1_IRQHandler          0x800'26d5         Code  Wk  startup_stm32f10x_hd.o [2]
SPI2_IRQHandler          0x800'26d9         Code  Wk  startup_stm32f10x_hd.o [2]
SPI3_IRQHandler          0x800'270d         Code  Wk  startup_stm32f10x_hd.o [2]
SVC_Handler              0x800'264d         Code  Wk  startup_stm32f10x_hd.o [2]
SetSysClock              0x800'242d    0x8  Code  Lc  system_stm32f10x.o [2]
SetSysClockTo72          0x800'2435   0xbe  Code  Lc  system_stm32f10x.o [2]
SysTick_Config           0x800'0161   0x36  Code  Lc  main.o [1]
SysTick_Handler          0x800'1f03   0x10  Code  Gb  stm32f10x_it.o [1]
SystemInit               0x800'23e9   0x44  Code  Gb  system_stm32f10x.o [2]
TAMPER_IRQHandler        0x800'2661         Code  Wk  startup_stm32f10x_hd.o [2]
TIM1_BRK_IRQHandler      0x800'26b5         Code  Wk  startup_stm32f10x_hd.o [2]
TIM1_CC_IRQHandler       0x800'26c1         Code  Wk  startup_stm32f10x_hd.o [2]
TIM1_TRG_COM_IRQHandler
                         0x800'26bd         Code  Wk  startup_stm32f10x_hd.o [2]
TIM1_UP_IRQHandler       0x800'26b9         Code  Wk  startup_stm32f10x_hd.o [2]
TIM2_IRQHandler          0x800'1f13   0x1c  Code  Gb  stm32f10x_it.o [1]
TIM3_IRQHandler          0x800'1f2f    0xc  Code  Gb  stm32f10x_it.o [1]
TIM4_IRQHandler          0x800'1f3b   0x10  Code  Gb  stm32f10x_it.o [1]
TIM5_IRQHandler          0x800'1f4b   0x36  Code  Gb  stm32f10x_it.o [1]
TIM6_IRQHandler          0x800'2719         Code  Wk  startup_stm32f10x_hd.o [2]
TIM7_IRQHandler          0x800'271d         Code  Wk  startup_stm32f10x_hd.o [2]
TIM8_BRK_IRQHandler      0x800'26f1         Code  Wk  startup_stm32f10x_hd.o [2]
TIM8_CC_IRQHandler       0x800'26fd         Code  Wk  startup_stm32f10x_hd.o [2]
TIM8_TRG_COM_IRQHandler
                         0x800'26f9         Code  Wk  startup_stm32f10x_hd.o [2]
TIM8_UP_IRQHandler       0x800'26f5         Code  Wk  startup_stm32f10x_hd.o [2]
TIM_ARRPreloadConfig     0x800'1833   0x1e  Code  Gb  stm32f10x_tim.o [2]
TIM_ClearITPendingBit    0x800'1867    0xa  Code  Gb  stm32f10x_tim.o [2]
TIM_Cmd                  0x800'17fd   0x1e  Code  Gb  stm32f10x_tim.o [2]
TIM_ITConfig             0x800'181b   0x18  Code  Gb  stm32f10x_tim.o [2]
TIM_OC2Init              0x800'174b   0x8a  Code  Gb  stm32f10x_tim.o [2]
TIM_OC2PreloadConfig     0x800'1851   0x16  Code  Gb  stm32f10x_tim.o [2]
TIM_TimeBaseInit         0x800'16c1   0x8a  Code  Gb  stm32f10x_tim.o [2]
TIM_TimeBaseStructInit   0x800'17e5   0x18  Code  Gb  stm32f10x_tim.o [2]
TimingDelay             0x2000'01e4    0x4  Data  Gb  user_TIMER.o [3]
TimingDelay_Decrement    0x800'0a3b   0x10  Code  Gb  user_TIMER.o [3]
UART4_IRQHandler         0x800'2711         Code  Wk  startup_stm32f10x_hd.o [2]
UART5_IRQHandler         0x800'2715         Code  Wk  startup_stm32f10x_hd.o [2]
USART1_IRQHandler        0x800'2069   0xb4  Code  Gb  stm32f10x_it.o [1]
USART1_put_char          0x800'1303   0x64  Code  Gb  user_USART.o [3]
USART1_put_string        0x800'1367   0x20  Code  Gb  user_USART.o [3]
USART2_IRQHandler        0x800'26dd         Code  Wk  startup_stm32f10x_hd.o [2]
USART3_IRQHandler        0x800'26e1         Code  Wk  startup_stm32f10x_hd.o [2]
USART_ClearITPendingBit
                         0x800'1e5d   0x26  Code  Gb  stm32f10x_usart.o [2]
USART_Cmd                0x800'1d39   0x1e  Code  Gb  stm32f10x_usart.o [2]
USART_GetFlagStatus      0x800'1dd7   0x1c  Code  Gb  stm32f10x_usart.o [2]
USART_GetITStatus        0x800'1df3   0x6a  Code  Gb  stm32f10x_usart.o [2]
USART_ITConfig           0x800'1d57   0x70  Code  Gb  stm32f10x_usart.o [2]
USART_Init               0x800'1c5d   0xd8  Code  Gb  stm32f10x_usart.o [2]
USART_ReceiveData        0x800'1dcf    0x8  Code  Gb  stm32f10x_usart.o [2]
USART_SendData           0x800'1dc7    0x8  Code  Gb  stm32f10x_usart.o [2]
USBWakeUp_IRQHandler     0x800'26ed         Code  Wk  startup_stm32f10x_hd.o [2]
USB_HP_CAN1_TX_IRQHandler
                         0x800'26a1         Code  Wk  startup_stm32f10x_hd.o [2]
USB_LP_CAN1_RX0_IRQHandler
                         0x800'26a5         Code  Wk  startup_stm32f10x_hd.o [2]
UsageFault_Handler       0x800'2649         Code  Wk  startup_stm32f10x_hd.o [2]
WWDG_IRQHandler          0x800'2659         Code  Wk  startup_stm32f10x_hd.o [2]
__NVIC_EnableIRQ         0x800'0c4d   0x1e  Code  Lc  user_ADC.o [3]
__NVIC_EnableIRQ         0x800'0855   0x1e  Code  Lc  user_TIMER.o [3]
__NVIC_SetPriority       0x800'0131   0x30  Code  Lc  main.o [1]
__NVIC_SetPriority       0x800'0c6b   0x2c  Code  Lc  user_ADC.o [3]
__NVIC_SetPriority       0x800'0873   0x2c  Code  Lc  user_TIMER.o [3]
__aeabi_cdcmpeq          0x800'13a9         Code  Gb  DblCmpEq.o [5]
__aeabi_cdcmple          0x800'1661         Code  Gb  DblCmpLe.o [5]
__aeabi_d2iz             0x800'1629         Code  Gb  DblToS32.o [5]
__aeabi_dadd             0x800'13c9         Code  Gb  DblAddSub.o [5]
__aeabi_ddiv             0x800'21a1         Code  Gb  DblDiv.o [5]
__aeabi_dmul             0x800'0a79         Code  Gb  DblMul.o [5]
__aeabi_dsub             0x800'1545         Code  Gb  DblAddSub.o [5]
__aeabi_i2d              0x800'169d         Code  Gb  S32ToDbl.o [5]
__aeabi_ui2d             0x800'2185         Code  Gb  U32ToDbl.o [5]
__cmain                  0x800'25d1         Code  Gb  cmain.o [6]
__exit                   0x800'2605   0x14  Code  Gb  exit.o [7]
__iar_copy_init3         0x800'0c23   0x2a  Code  Gb  copy_init3.o [6]
__iar_data_init3         0x800'2585   0x28  Code  Gb  data_init.o [6]
__iar_program_start      0x800'2619         Code  Gb  cstartup_M.o [6]
__iar_zero_init3         0x800'254d   0x38  Code  Gb  zero_init3.o [6]
__low_level_init         0x800'25ef    0x4  Code  Gb  low_level_init.o [4]
__vector_table           0x800'0000         Data  Gb  startup_stm32f10x_hd.o [2]
_call_main               0x800'25dd         Code  Gb  cmain.o [6]
_exit                    0x800'25f9         Code  Gb  cexit.o [6]
abs                      0x800'1695    0x8  Code  Wk  abs.o [4]
actualCurrent           0x2000'01ac    0x4  Data  Gb  main.o [1]
actualVoltage           0x2000'01a8    0x4  Data  Gb  main.o [1]
adcCurrentCounter       0x2000'01d4    0x4  Data  Gb  stm32f10x_it.o [1]
adcCurrentSample        0x2000'0020    0x4  Data  Gb  stm32f10x_it.o [1]
adcCurrentSum           0x2000'01d0    0x4  Data  Gb  stm32f10x_it.o [1]
adcCurrent_init          0x800'0d9d   0xfe  Code  Gb  user_ADC.o [3]
adcVoltageCounter       0x2000'01cc    0x4  Data  Gb  stm32f10x_it.o [1]
adcVoltageSample        0x2000'001c    0x4  Data  Gb  stm32f10x_it.o [1]
adcVoltageSum           0x2000'01c8    0x4  Data  Gb  stm32f10x_it.o [1]
adcVoltage_init          0x800'0c97  0x106  Code  Gb  user_ADC.o [3]
adress                  0x2000'01f9    0x1  Data  Gb  main.o [1]
crc16                    0x800'11d5   0x40  Code  Gb  modbus.o [3]
currentADCValue         0x2000'01a0    0x8  Data  Gb  stm32f10x_it.o [1]
defectDetected          0x2000'01f8    0x1  Data  Gb  main.o [1]
defectPos               0x2000'01b4    0x4  Data  Gb  main.o [1]
dmaVoltageCounter       0x2000'01c0    0x4  Data  Gb  stm32f10x_it.o [1]
err                     0x2000'0190    0x8  Data  Gb  main.o [1]
errorCounter            0x2000'01fb    0x1  Data  Gb  stm32f10x_it.o [1]
exit                     0x800'25f3    0x4  Code  Gb  exit.o [4]
gerAdress                0x800'0413   0x62  Code  Gb  main.o [1]
getReg                   0x800'0f1b   0x18  Code  Gb  modbus.o [3]
main                     0x800'0197   0xf8  Code  Gb  main.o [1]
maxCCR                  0x2000'0010    0x8  Data  Gb  main.o [1]
maxCurrent              0x2000'0018    0x4  Data  Gb  main.o [1]
maxDefectCurrent        0x2000'01b0    0x4  Data  Gb  main.o [1]
minCCR                  0x2000'0188    0x8  Data  Gb  main.o [1]
modAdd                  0x2000'01fa    0x1  Data  Gb  modbus.o [3]
modbus16                 0x800'10f5   0xbc  Code  Gb  modbus.o [3]
modbus3                  0x800'0fbd   0xc8  Code  Gb  modbus.o [3]
modbus6                  0x800'1085   0x70  Code  Gb  modbus.o [3]
modbusInit               0x800'0ecd   0x32  Code  Gb  modbus.o [3]
modbusProcess            0x800'0f33   0x8a  Code  Gb  modbus.o [3]
ms_counter              0x2000'01d8    0x4  Data  Gb  stm32f10x_it.o [1]
position                0x2000'01b8    0x4  Data  Gb  modbus.o [3]
readFlag                0x2000'003a    0x1  Data  Gb  modbus.o [3]
regKoef                 0x2000'0008    0x8  Data  Gb  main.o [1]
regKoefCur              0x2000'0000    0x8  Data  Gb  main.o [1]
regs                    0x2000'0168   0x14  Data  Gb  modbus.o [3]
regulatorAct             0x800'0475   0xc0  Code  Gb  main.o [1]
rxBuf                   0x2000'003c   0x64  Data  Gb  user_USART.o [3]
setCcr3Tim               0x800'0981    0x6  Code  Gb  user_TIMER.o [3]
setReg                   0x800'0eff   0x1c  Code  Gb  modbus.o [3]
speed                   0x2000'01bc    0x4  Data  Gb  modbus.o [3]
tim2_init                0x800'089f   0x4a  Code  Gb  user_TIMER.o [3]
tim3_pwm_init            0x800'08e9   0x98  Code  Gb  user_TIMER.o [3]
tim4_init                0x800'0987   0x50  Code  Gb  user_TIMER.o [3]
tim5_init                0x800'09d7   0x52  Code  Gb  user_TIMER.o [3]
toBuf                    0x800'12e5   0x1e  Code  Gb  user_USART.o [3]
txBuf                   0x2000'00a0   0x64  Data  Gb  user_USART.o [3]
tx_buffer               0x2000'0104   0x64  Data  Gb  user_USART.o [3]
tx_counter              0x2000'01f0    0x4  Data  Gb  user_USART.o [3]
tx_rd_index             0x2000'01ec    0x4  Data  Gb  user_USART.o [3]
tx_wr_index             0x2000'01e8    0x4  Data  Gb  user_USART.o [3]
updateCurrent            0x800'0305  0x10e  Code  Gb  main.o [1]
updateVoltage            0x800'028f   0x76  Code  Gb  main.o [1]
usart_init               0x800'1215   0xd0  Code  Gb  user_USART.o [3]
ustVoltage              0x2000'01f4    0x2  Data  Gb  main.o [1]
vel_adc                 0x2000'01c4    0x4  Data  Gb  stm32f10x_it.o [1]
voltageADCValue         0x2000'0198    0x8  Data  Gb  stm32f10x_it.o [1]


[1] = C:\Ruslan\IAR\EX\IAR_Project\Debug\Obj
[2] = C:\Ruslan\IAR\EX\IAR_Project\Debug\Obj\STM32Std
[3] = C:\Ruslan\IAR\EX\IAR_Project\Debug\Obj\User
[4] = dl7M_tlf.a
[5] = m7M_tl.a
[6] = rt7M_tl.a
[7] = shb_l.a

  9'932 bytes of readonly  code memory
     96 bytes of readonly  data memory
  2'556 bytes of readwrite data memory

Errors: none
Warnings: none
