###############################################################################
#
# IAR ELF Linker V9.32.2.340/W64 for ARM                  17/Feb/2024  19:30:47
# Copyright 2007-2023 IAR Systems AB.
#
#    Output file  =  C:\Ruslan\IAR\EX\IAR_Project\Debug\Exe\Nextion.out
#    Map file     =  C:\Ruslan\IAR\EX\IAR_Project\Debug\List\Nextion.map
#    Command line =
#        -f C:\Ruslan\IAR\EX\IAR_Project\Debug\Exe\Nextion.out.rsp
#        (C:\Ruslan\IAR\EX\IAR_Project\Debug\Obj\User\eeprom.o
#        C:\Ruslan\IAR\EX\IAR_Project\Debug\Obj\main.o
#        C:\Ruslan\IAR\EX\IAR_Project\Debug\Obj\STM32Std\misc.o
#        C:\Ruslan\IAR\EX\IAR_Project\Debug\Obj\User\modbus.o
#        C:\Ruslan\IAR\EX\IAR_Project\Debug\Obj\STM32Std\startup_stm32f10x_hd.o
#        C:\Ruslan\IAR\EX\IAR_Project\Debug\Obj\STM32Std\stm32f10x_adc.o
#        C:\Ruslan\IAR\EX\IAR_Project\Debug\Obj\STM32Std\stm32f10x_dma.o
#        C:\Ruslan\IAR\EX\IAR_Project\Debug\Obj\STM32Std\stm32f10x_gpio.o
#        C:\Ruslan\IAR\EX\IAR_Project\Debug\Obj\STM32Std\stm32f10x_i2c.o
#        C:\Ruslan\IAR\EX\IAR_Project\Debug\Obj\stm32f10x_it.o
#        C:\Ruslan\IAR\EX\IAR_Project\Debug\Obj\STM32Std\stm32f10x_rcc.o
#        C:\Ruslan\IAR\EX\IAR_Project\Debug\Obj\STM32Std\stm32f10x_tim.o
#        C:\Ruslan\IAR\EX\IAR_Project\Debug\Obj\STM32Std\stm32f10x_usart.o
#        C:\Ruslan\IAR\EX\IAR_Project\Debug\Obj\STM32Std\system_stm32f10x.o
#        C:\Ruslan\IAR\EX\IAR_Project\Debug\Obj\User\user_ADC.o
#        C:\Ruslan\IAR\EX\IAR_Project\Debug\Obj\User\user_GPIO.o
#        C:\Ruslan\IAR\EX\IAR_Project\Debug\Obj\User\user_TIMER.o
#        C:\Ruslan\IAR\EX\IAR_Project\Debug\Obj\User\user_USART.o --redirect
#        _Printf=_PrintfFullNoMb --redirect _Scanf=_ScanfFullNoMb
#        --no_out_extension -o
#        C:\Ruslan\IAR\EX\IAR_Project\Debug\Exe\Nextion.out --map
#        C:\Ruslan\IAR\EX\IAR_Project\Debug\List\Nextion.map --config
#        "C:\Program Files\IAR Systems\Embedded Workbench
#        9.1\arm/config/linker/ST/stm32f103x6.icf" --semihosting --entry
#        __iar_program_start --vfe --text_out locale --cpu=Cortex-M3
#        --fpu=None)
#
###############################################################################

*******************************************************************************
*** RUNTIME MODEL ATTRIBUTES
***

CppFlavor       = *
__CPP_Runtime   = 1
__SystemLibrary = DLib
__dlib_version  = 6


*******************************************************************************
*** HEAP SELECTION
***

The basic heap was selected because --advanced_heap
was not specified and the application did not appear to
be primarily optimized for speed.


*******************************************************************************
*** PLACEMENT SUMMARY
***

"A0":  place at address 0x800'0000 { ro section .intvec };
"P1":  place in [from 0x800'0000 to 0x800'7fff] { ro };
define block CSTACK with size = 2K, alignment = 8 { };
define block HEAP with size = 2K, alignment = 8 { };
"P2":  place in [from 0x2000'0000 to 0x2000'27ff] {
          rw, block CSTACK, block HEAP };
initialize by copy { rw };

  Section            Kind         Address    Size  Object
  -------            ----         -------    ----  ------
"A0":                                       0x130
  .intvec            ro code   0x800'0000   0x130  startup_stm32f10x_hd.o [2]
                             - 0x800'0130   0x130

"P1":                                      0x3044
  .text              ro code   0x800'0130   0x928  main.o [1]
  .text              ro code   0x800'0a58   0x170  stm32f10x_rcc.o [2]
  .text              ro code   0x800'0bc8   0x3c0  modbus.o [3]
  .text              ro code   0x800'0f88    0x48  user_GPIO.o [3]
  .text              ro code   0x800'0fd0   0x200  eeprom.o [3]
  .text              ro code   0x800'11d0   0x130  stm32f10x_gpio.o [2]
  .text              ro code   0x800'1300   0x21c  user_TIMER.o [3]
  .text              ro code   0x800'151c   0x1aa  DblMul.o [5]
  .text              ro code   0x800'16c6    0x2a  copy_init3.o [6]
  .text              ro code   0x800'16f0   0x278  user_ADC.o [3]
  .text              ro code   0x800'1968   0x194  user_USART.o [3]
  .text              ro code   0x800'1afc    0x20  DblCmpEq.o [5]
  .text              ro code   0x800'1b1c    0x48  FltToDbl.o [5]
  .text              ro code   0x800'1b64   0x25e  DblAddSub.o [5]
  .text              ro code   0x800'1dc4    0x36  DblToS32.o [5]
  .text              ro code   0x800'1dfa     0x8  abs.o [4]
  .text              ro code   0x800'1e04    0x22  S32ToDbl.o [5]
  .text              ro code   0x800'1e28    0x34  DblCmpLe.o [5]
  .text              ro code   0x800'1e5c   0x246  DblDiv.o [5]
  .text              ro code   0x800'20a4    0x1c  U32ToDbl.o [5]
  .text              ro code   0x800'20c0    0x68  DblToFlt.o [5]
  .text              ro code   0x800'2128   0x238  stm32f10x_i2c.o [2]
  .text              ro code   0x800'2360   0x1cc  stm32f10x_tim.o [2]
  .text              ro code   0x800'252c   0x1d8  stm32f10x_dma.o [2]
  .text              ro code   0x800'2704   0x1f8  stm32f10x_adc.o [2]
  .text              ro code   0x800'28fc   0x226  stm32f10x_usart.o [2]
  .text              ro code   0x800'2b24    0x78  misc.o [2]
  .text              ro code   0x800'2b9c   0x288  stm32f10x_it.o [1]
  .text              ro code   0x800'2e24   0x128  system_stm32f10x.o [2]
  Initializer bytes  const     0x800'2f4c    0x48  <for P2-1>
  .text              ro code   0x800'2f94    0x38  zero_init3.o [6]
  .text              ro code   0x800'2fcc    0x28  data_init.o [6]
  .iar.init_table    const     0x800'2ff4    0x24  - Linker created -
  .text              ro code   0x800'3018    0x1e  cmain.o [6]
  .text              ro code   0x800'3036     0x4  low_level_init.o [4]
  .text              ro code   0x800'303a     0x4  exit.o [4]
  .text              ro code   0x800'3040     0xa  cexit.o [6]
  .text              ro code   0x800'304c    0x14  exit.o [7]
  .text              ro code   0x800'3060    0x1c  cstartup_M.o [6]
  .text              ro code   0x800'307c    0x10  startup_stm32f10x_hd.o [2]
  .text              ro code   0x800'308c     0x4  startup_stm32f10x_hd.o [2]
  .text              ro code   0x800'3090     0x4  startup_stm32f10x_hd.o [2]
  .text              ro code   0x800'3094     0x4  startup_stm32f10x_hd.o [2]
  .text              ro code   0x800'3098     0x4  startup_stm32f10x_hd.o [2]
  .text              ro code   0x800'309c     0x4  startup_stm32f10x_hd.o [2]
  .text              ro code   0x800'30a0     0x4  startup_stm32f10x_hd.o [2]
  .text              ro code   0x800'30a4     0x4  startup_stm32f10x_hd.o [2]
  .text              ro code   0x800'30a8     0x4  startup_stm32f10x_hd.o [2]
  .text              ro code   0x800'30ac     0x4  startup_stm32f10x_hd.o [2]
  .text              ro code   0x800'30b0     0x4  startup_stm32f10x_hd.o [2]
  .text              ro code   0x800'30b4     0x4  startup_stm32f10x_hd.o [2]
  .text              ro code   0x800'30b8     0x4  startup_stm32f10x_hd.o [2]
  .text              ro code   0x800'30bc     0x4  startup_stm32f10x_hd.o [2]
  .text              ro code   0x800'30c0     0x4  startup_stm32f10x_hd.o [2]
  .text              ro code   0x800'30c4     0x4  startup_stm32f10x_hd.o [2]
  .text              ro code   0x800'30c8     0x4  startup_stm32f10x_hd.o [2]
  .text              ro code   0x800'30cc     0x4  startup_stm32f10x_hd.o [2]
  .text              ro code   0x800'30d0     0x4  startup_stm32f10x_hd.o [2]
  .text              ro code   0x800'30d4     0x4  startup_stm32f10x_hd.o [2]
  .text              ro code   0x800'30d8     0x4  startup_stm32f10x_hd.o [2]
  .text              ro code   0x800'30dc     0x4  startup_stm32f10x_hd.o [2]
  .text              ro code   0x800'30e0     0x4  startup_stm32f10x_hd.o [2]
  .text              ro code   0x800'30e4     0x4  startup_stm32f10x_hd.o [2]
  .text              ro code   0x800'30e8     0x4  startup_stm32f10x_hd.o [2]
  .text              ro code   0x800'30ec     0x4  startup_stm32f10x_hd.o [2]
  .text              ro code   0x800'30f0     0x4  startup_stm32f10x_hd.o [2]
  .text              ro code   0x800'30f4     0x4  startup_stm32f10x_hd.o [2]
  .text              ro code   0x800'30f8     0x4  startup_stm32f10x_hd.o [2]
  .text              ro code   0x800'30fc     0x4  startup_stm32f10x_hd.o [2]
  .text              ro code   0x800'3100     0x4  startup_stm32f10x_hd.o [2]
  .text              ro code   0x800'3104     0x4  startup_stm32f10x_hd.o [2]
  .text              ro code   0x800'3108     0x4  startup_stm32f10x_hd.o [2]
  .text              ro code   0x800'310c     0x4  startup_stm32f10x_hd.o [2]
  .text              ro code   0x800'3110     0x4  startup_stm32f10x_hd.o [2]
  .text              ro code   0x800'3114     0x4  startup_stm32f10x_hd.o [2]
  .text              ro code   0x800'3118     0x4  startup_stm32f10x_hd.o [2]
  .text              ro code   0x800'311c     0x4  startup_stm32f10x_hd.o [2]
  .text              ro code   0x800'3120     0x4  startup_stm32f10x_hd.o [2]
  .text              ro code   0x800'3124     0x4  startup_stm32f10x_hd.o [2]
  .text              ro code   0x800'3128     0x4  startup_stm32f10x_hd.o [2]
  .text              ro code   0x800'312c     0x4  startup_stm32f10x_hd.o [2]
  .text              ro code   0x800'3130     0x4  startup_stm32f10x_hd.o [2]
  .text              ro code   0x800'3134     0x4  startup_stm32f10x_hd.o [2]
  .text              ro code   0x800'3138     0x4  startup_stm32f10x_hd.o [2]
  .text              ro code   0x800'313c     0x4  startup_stm32f10x_hd.o [2]
  .text              ro code   0x800'3140     0x4  startup_stm32f10x_hd.o [2]
  .text              ro code   0x800'3144     0x4  startup_stm32f10x_hd.o [2]
  .text              ro code   0x800'3148     0x4  startup_stm32f10x_hd.o [2]
  .text              ro code   0x800'314c     0x4  startup_stm32f10x_hd.o [2]
  .text              ro code   0x800'3150     0x4  startup_stm32f10x_hd.o [2]
  .text              ro code   0x800'3154     0x4  startup_stm32f10x_hd.o [2]
  .text              ro code   0x800'3158     0x4  startup_stm32f10x_hd.o [2]
  .text              ro code   0x800'315c     0x4  startup_stm32f10x_hd.o [2]
  .text              ro code   0x800'3160     0x4  startup_stm32f10x_hd.o [2]
  .text              ro code   0x800'3164     0x4  startup_stm32f10x_hd.o [2]
  .text              ro code   0x800'3168     0x4  startup_stm32f10x_hd.o [2]
  .text              ro code   0x800'316c     0x4  startup_stm32f10x_hd.o [2]
  .text              ro code   0x800'3170     0x4  startup_stm32f10x_hd.o [2]
  .rodata            const     0x800'3174     0x0  zero_init3.o [6]
  .rodata            const     0x800'3174     0x0  copy_init3.o [6]
                             - 0x800'3174  0x3044

"P2", part 1 of 3:                           0x48
  P2-1                        0x2000'0000    0x45  <Init block>
    .data            inited   0x2000'0000     0x8  main.o [1]
    .data            inited   0x2000'0008     0x8  main.o [1]
    .data            inited   0x2000'0010     0x8  main.o [1]
    .data            inited   0x2000'0018     0x4  main.o [1]
    .data            inited   0x2000'001c     0x4  main.o [1]
    .data            inited   0x2000'0020     0x4  main.o [1]
    .data            inited   0x2000'0024     0x4  main.o [1]
    .data            inited   0x2000'0028     0x4  stm32f10x_it.o [1]
    .data            inited   0x2000'002c     0x4  stm32f10x_it.o [1]
    .data            inited   0x2000'0030    0x10  stm32f10x_rcc.o [2]
    .data            inited   0x2000'0040     0x4  stm32f10x_rcc.o [2]
    .data            inited   0x2000'0044     0x1  modbus.o [3]
                            - 0x2000'0045    0x45

"P2", part 2 of 3:                          0x230
  .bss               zero     0x2000'0048    0x64  user_USART.o [3]
  .bss               zero     0x2000'00ac    0x64  user_USART.o [3]
  .bss               zero     0x2000'0110    0x64  user_USART.o [3]
  .bss               zero     0x2000'0174    0x30  modbus.o [3]
  .bss               zero     0x2000'01a4     0x4  main.o [1]
  .bss               zero     0x2000'01a8     0x8  main.o [1]
  .bss               zero     0x2000'01b0     0x8  main.o [1]
  .bss               zero     0x2000'01b8     0x8  main.o [1]
  .bss               zero     0x2000'01c0     0x8  main.o [1]
  .bss               zero     0x2000'01c8     0x8  main.o [1]
  .bss               zero     0x2000'01d0     0x8  main.o [1]
  .bss               zero     0x2000'01d8     0x8  main.o [1]
  .bss               zero     0x2000'01e0     0x8  main.o [1]
  .bss               zero     0x2000'01e8     0x8  main.o [1]
  .bss               zero     0x2000'01f0     0x8  main.o [1]
  .bss               zero     0x2000'01f8     0x8  stm32f10x_it.o [1]
  .bss               zero     0x2000'0200     0x8  stm32f10x_it.o [1]
  .bss               zero     0x2000'0208     0x4  main.o [1]
  .bss               zero     0x2000'020c     0x4  main.o [1]
  .bss               zero     0x2000'0210     0x4  main.o [1]
  .bss               zero     0x2000'0214     0x4  main.o [1]
  .bss               zero     0x2000'0218     0x4  main.o [1]
  .bss               zero     0x2000'021c     0x4  main.o [1]
  .bss               zero     0x2000'0220     0x4  main.o [1]
  .bss               zero     0x2000'0224     0x4  main.o [1]
  .bss               zero     0x2000'0228     0x4  main.o [1]
  .bss               zero     0x2000'022c     0x4  main.o [1]
  .bss               zero     0x2000'0230     0x4  modbus.o [3]
  .bss               zero     0x2000'0234     0x4  modbus.o [3]
  .bss               zero     0x2000'0238     0x4  stm32f10x_it.o [1]
  .bss               zero     0x2000'023c     0x4  stm32f10x_it.o [1]
  .bss               zero     0x2000'0240     0x4  stm32f10x_it.o [1]
  .bss               zero     0x2000'0244     0x4  stm32f10x_it.o [1]
  .bss               zero     0x2000'0248     0x4  stm32f10x_it.o [1]
  .bss               zero     0x2000'024c     0x4  stm32f10x_it.o [1]
  .bss               zero     0x2000'0250     0x4  stm32f10x_it.o [1]
  .bss               zero     0x2000'0254     0x4  user_ADC.o [3]
  .bss               zero     0x2000'0258     0x4  user_ADC.o [3]
  .bss               zero     0x2000'025c     0x4  user_TIMER.o [3]
  .bss               zero     0x2000'0260     0x4  user_USART.o [3]
  .bss               zero     0x2000'0264     0x4  user_USART.o [3]
  .bss               zero     0x2000'0268     0x4  user_USART.o [3]
  .bss               zero     0x2000'026c     0x2  main.o [1]
  .bss               zero     0x2000'026e     0x2  modbus.o [3]
  .bss               zero     0x2000'0270     0x1  main.o [1]
  .bss               zero     0x2000'0271     0x1  main.o [1]
  .bss               zero     0x2000'0272     0x1  modbus.o [3]
  .bss               zero     0x2000'0273     0x1  stm32f10x_it.o [1]
  .bss               zero     0x2000'0274     0x1  user_USART.o [3]
                            - 0x2000'0275   0x22d

"P2", part 3 of 3:                          0x800
  CSTACK                      0x2000'0278   0x800  <Block>
    CSTACK           uninit   0x2000'0278   0x800  <Block tail>
                            - 0x2000'0a78   0x800

Unused ranges:

         From           To    Size
         ----           --    ----
   0x800'3174   0x800'7fff  0x4e8c
  0x2000'0a78  0x2000'27ff  0x1d88


*******************************************************************************
*** INIT TABLE
***

          Address      Size
          -------      ----
Zero (__iar_zero_init3)
    1 destination range, total size 0x22d:
          0x2000'0048  0x22d

Copy (__iar_copy_init3)
    1 source range, total size 0x48 (104% of destination):
           0x800'2f4c   0x48
    1 destination range, total size 0x45:
          0x2000'0000   0x45



*******************************************************************************
*** MODULE SUMMARY
***

    Module                  ro code  ro data  rw data
    ------                  -------  -------  -------
command line/config:
    -------------------------------------------------
    Total:

C:\Ruslan\IAR\EX\IAR_Project\Debug\Obj: [1]
    main.o                    2'344       40      168
    stm32f10x_it.o              648        8       53
    -------------------------------------------------
    Total:                    2'992       48      221

C:\Ruslan\IAR\EX\IAR_Project\Debug\Obj\STM32Std: [2]
    misc.o                      120
    startup_stm32f10x_hd.o      552
    stm32f10x_adc.o             504
    stm32f10x_dma.o             472
    stm32f10x_gpio.o            304
    stm32f10x_i2c.o             568
    stm32f10x_rcc.o             368       20       20
    stm32f10x_tim.o             460
    stm32f10x_usart.o           550
    system_stm32f10x.o          296
    -------------------------------------------------
    Total:                    4'194       20       20

C:\Ruslan\IAR\EX\IAR_Project\Debug\Obj\User: [3]
    eeprom.o                    512
    modbus.o                    960        1       60
    user_ADC.o                  632                 8
    user_GPIO.o                  72
    user_TIMER.o                540                 4
    user_USART.o                404               313
    -------------------------------------------------
    Total:                    3'120        1      385

dl7M_tlf.a: [4]
    abs.o                         8
    exit.o                        4
    low_level_init.o              4
    -------------------------------------------------
    Total:                       16

m7M_tl.a: [5]
    DblAddSub.o                 606
    DblCmpEq.o                   32
    DblCmpLe.o                   52
    DblDiv.o                    582
    DblMul.o                    426
    DblToFlt.o                  104
    DblToS32.o                   54
    FltToDbl.o                   72
    S32ToDbl.o                   34
    U32ToDbl.o                   28
    -------------------------------------------------
    Total:                    1'990

rt7M_tl.a: [6]
    cexit.o                      10
    cmain.o                      30
    copy_init3.o                 42
    cstartup_M.o                 28
    data_init.o                  40
    zero_init3.o                 56
    -------------------------------------------------
    Total:                      206

shb_l.a: [7]
    exit.o                       20
    -------------------------------------------------
    Total:                       20

    Gaps                         14
    Linker created                        39    2'048
-----------------------------------------------------
    Grand Total:             12'552      108    2'674


*******************************************************************************
*** ENTRY LIST
***

Entry                       Address   Size  Type      Object
-----                       -------   ----  ----      ------
.iar.init_table$$Base    0x800'2ff4          --   Gb  - Linker created -
.iar.init_table$$Limit   0x800'3018          --   Gb  - Linker created -
?main                    0x800'3019         Code  Gb  cmain.o [6]
ADC1ConvertedValue      0x2000'0254    0x4  Data  Gb  user_ADC.o [3]
ADC1_2_IRQHandler        0x800'30e5         Code  Wk  startup_stm32f10x_hd.o [2]
ADC3ConvertedValue      0x2000'0258    0x4  Data  Gb  user_ADC.o [3]
ADC3_IRQHandler          0x800'3149         Code  Wk  startup_stm32f10x_hd.o [2]
ADCPrescTable           0x2000'0040    0x4  Data  Lc  stm32f10x_rcc.o [2]
ADC_ActualCurrent       0x2000'01d8    0x8  Data  Gb  main.o [1]
ADC_ActualVoltage       0x2000'01c0    0x8  Data  Gb  main.o [1]
ADC_Cmd                  0x800'2751   0x1c  Code  Gb  stm32f10x_adc.o [2]
ADC_CurrentEt1          0x2000'01e0    0x8  Data  Gb  main.o [1]
ADC_CurrentEt2          0x2000'01e8    0x8  Data  Gb  main.o [1]
ADC_DMACmd               0x800'276d   0x1c  Code  Gb  stm32f10x_adc.o [2]
ADC_GetCalibrationStatus
                         0x800'27b1   0x14  Code  Gb  stm32f10x_adc.o [2]
ADC_GetResetCalibrationStatus
                         0x800'2793   0x14  Code  Gb  stm32f10x_adc.o [2]
ADC_Init                 0x800'2705   0x4c  Code  Gb  stm32f10x_adc.o [2]
ADC_RegularChannelConfig
                         0x800'27e1  0x112  Code  Gb  stm32f10x_adc.o [2]
ADC_ResetCalibration     0x800'2789    0xa  Code  Gb  stm32f10x_adc.o [2]
ADC_SoftwareStartConvCmd
                         0x800'27c5   0x1c  Code  Gb  stm32f10x_adc.o [2]
ADC_StartCalibration     0x800'27a7    0xa  Code  Gb  stm32f10x_adc.o [2]
ADC_VoltageEt1          0x2000'01c8    0x8  Data  Gb  main.o [1]
ADC_VoltageEt2          0x2000'01d0    0x8  Data  Gb  main.o [1]
APBAHBPrescTable        0x2000'0030   0x10  Data  Lc  stm32f10x_rcc.o [2]
BusFault_Handler         0x800'2ba1    0x2  Code  Gb  stm32f10x_it.o [1]
CAN1_RX1_IRQHandler      0x800'30f1         Code  Wk  startup_stm32f10x_hd.o [2]
CAN1_SCE_IRQHandler      0x800'30f5         Code  Wk  startup_stm32f10x_hd.o [2]
CCR                     0x2000'01a8    0x8  Data  Gb  main.o [1]
CRC16                   0x2000'026e    0x2  Data  Gb  modbus.o [3]
CSTACK$$Base            0x2000'0278          --   Gb  - Linker created -
CSTACK$$Limit           0x2000'0a78          --   Gb  - Linker created -
DMA1_Channel1_IRQHandler
                         0x800'2c21   0x70  Code  Gb  stm32f10x_it.o [1]
DMA1_Channel2_IRQHandler
                         0x800'30cd         Code  Wk  startup_stm32f10x_hd.o [2]
DMA1_Channel3_IRQHandler
                         0x800'30d1         Code  Wk  startup_stm32f10x_hd.o [2]
DMA1_Channel4_IRQHandler
                         0x800'30d5         Code  Wk  startup_stm32f10x_hd.o [2]
DMA1_Channel5_IRQHandler
                         0x800'30d9         Code  Wk  startup_stm32f10x_hd.o [2]
DMA1_Channel6_IRQHandler
                         0x800'30dd         Code  Wk  startup_stm32f10x_hd.o [2]
DMA1_Channel7_IRQHandler
                         0x800'30e1         Code  Wk  startup_stm32f10x_hd.o [2]
DMA2_Channel1_IRQHandler
                         0x800'3169         Code  Wk  startup_stm32f10x_hd.o [2]
DMA2_Channel2_IRQHandler
                         0x800'316d         Code  Wk  startup_stm32f10x_hd.o [2]
DMA2_Channel3_IRQHandler
                         0x800'3171         Code  Wk  startup_stm32f10x_hd.o [2]
DMA2_Channel4_5_IRQHandler
                         0x800'2c91   0x78  Code  Gb  stm32f10x_it.o [1]
DMA_ClearITPendingBit    0x800'26b3   0x10  Code  Gb  stm32f10x_dma.o [2]
DMA_Cmd                  0x800'265b   0x1e  Code  Gb  stm32f10x_dma.o [2]
DMA_DeInit               0x800'252d   0xf2  Code  Gb  stm32f10x_dma.o [2]
DMA_GetITStatus          0x800'2691   0x22  Code  Gb  stm32f10x_dma.o [2]
DMA_ITConfig             0x800'2679   0x18  Code  Gb  stm32f10x_dma.o [2]
DMA_Init                 0x800'261f   0x3c  Code  Gb  stm32f10x_dma.o [2]
DebugMon_Handler         0x800'3099         Code  Wk  startup_stm32f10x_hd.o [2]
Delay                    0x800'14d3   0x12  Code  Gb  user_TIMER.o [3]
EXTI0_IRQHandler         0x800'30b9         Code  Wk  startup_stm32f10x_hd.o [2]
EXTI15_10_IRQHandler     0x800'312d         Code  Wk  startup_stm32f10x_hd.o [2]
EXTI1_IRQHandler         0x800'30bd         Code  Wk  startup_stm32f10x_hd.o [2]
EXTI2_IRQHandler         0x800'30c1         Code  Wk  startup_stm32f10x_hd.o [2]
EXTI3_IRQHandler         0x800'30c5         Code  Wk  startup_stm32f10x_hd.o [2]
EXTI4_IRQHandler         0x800'30c9         Code  Wk  startup_stm32f10x_hd.o [2]
EXTI9_5_IRQHandler       0x800'30f9         Code  Wk  startup_stm32f10x_hd.o [2]
FLASH_IRQHandler         0x800'30b1         Code  Wk  startup_stm32f10x_hd.o [2]
FSMC_IRQHandler          0x800'314d         Code  Wk  startup_stm32f10x_hd.o [2]
GPIO_Init                0x800'11d1   0xec  Code  Gb  stm32f10x_gpio.o [2]
GPIO_ReadInputDataBit    0x800'12bd   0x1c  Code  Gb  stm32f10x_gpio.o [2]
GPIO_ResetBits           0x800'12e1    0x8  Code  Gb  stm32f10x_gpio.o [2]
GPIO_SetBits             0x800'12d9    0x8  Code  Gb  stm32f10x_gpio.o [2]
GPIO_WriteBit            0x800'12e9   0x18  Code  Gb  stm32f10x_gpio.o [2]
GPIO_init                0x800'0f89   0x48  Code  Gb  user_GPIO.o [3]
HardFault_Handler        0x800'2b9d    0x2  Code  Gb  stm32f10x_it.o [1]
I2C1_ER_IRQHandler       0x800'3111         Code  Wk  startup_stm32f10x_hd.o [2]
I2C1_EV_IRQHandler       0x800'310d         Code  Wk  startup_stm32f10x_hd.o [2]
I2C2_ER_IRQHandler       0x800'3119         Code  Wk  startup_stm32f10x_hd.o [2]
I2C2_EV_IRQHandler       0x800'3115         Code  Wk  startup_stm32f10x_hd.o [2]
I2C_AcknowledgeConfig    0x800'22a7   0x1e  Code  Gb  stm32f10x_i2c.o [2]
I2C_CheckEvent           0x800'22ed   0x30  Code  Gb  stm32f10x_i2c.o [2]
I2C_Cmd                  0x800'224d   0x1e  Code  Gb  stm32f10x_i2c.o [2]
I2C_Configuration        0x800'0fd1   0x9e  Code  Gb  eeprom.o [3]
I2C_DeInit               0x800'2129   0x36  Code  Gb  stm32f10x_i2c.o [2]
I2C_EE_ByteRead          0x800'10f9   0xba  Code  Gb  eeprom.o [3]
I2C_EE_ByteWrite         0x800'106f   0x8a  Code  Gb  eeprom.o [3]
I2C_GenerateSTART        0x800'226b   0x1e  Code  Gb  stm32f10x_i2c.o [2]
I2C_GenerateSTOP         0x800'2289   0x1e  Code  Gb  stm32f10x_i2c.o [2]
I2C_GetFlagStatus        0x800'231d   0x44  Code  Gb  stm32f10x_i2c.o [2]
I2C_Init                 0x800'215f   0xdc  Code  Gb  stm32f10x_i2c.o [2]
I2C_ReceiveData          0x800'22cd    0x6  Code  Gb  stm32f10x_i2c.o [2]
I2C_Send7bitAddress      0x800'22d3   0x1a  Code  Gb  stm32f10x_i2c.o [2]
I2C_SendData             0x800'22c5    0x8  Code  Gb  stm32f10x_i2c.o [2]
LoadSettings             0x800'086b   0x9e  Code  Gb  main.o [1]
MemManage_Handler        0x800'2b9f    0x2  Code  Gb  stm32f10x_it.o [1]
NMI_Handler              0x800'308d         Code  Wk  startup_stm32f10x_hd.o [2]
NVIC_Init                0x800'2b25   0x66  Code  Gb  misc.o [2]
PVD_IRQHandler           0x800'30a5         Code  Wk  startup_stm32f10x_hd.o [2]
PendSV_Handler           0x800'309d         Code  Wk  startup_stm32f10x_hd.o [2]
RCC_AHBPeriphClockCmd    0x800'0b31   0x1c  Code  Gb  stm32f10x_rcc.o [2]
RCC_APB1PeriphClockCmd   0x800'0b69   0x1c  Code  Gb  stm32f10x_rcc.o [2]
RCC_APB1PeriphResetCmd   0x800'0b85   0x1c  Code  Gb  stm32f10x_rcc.o [2]
RCC_APB2PeriphClockCmd   0x800'0b4d   0x1c  Code  Gb  stm32f10x_rcc.o [2]
RCC_GetClocksFreq        0x800'0a59   0xd8  Code  Gb  stm32f10x_rcc.o [2]
RCC_IRQHandler           0x800'30b5         Code  Wk  startup_stm32f10x_hd.o [2]
RTCAlarm_IRQHandler      0x800'3131         Code  Wk  startup_stm32f10x_hd.o [2]
RTC_IRQHandler           0x800'30ad         Code  Wk  startup_stm32f10x_hd.o [2]
RXi                     0x2000'0274    0x1  Data  Gb  user_USART.o [3]
Region$$Table$$Base      0x800'2ff4          --   Gb  - Linker created -
Region$$Table$$Limit     0x800'3018          --   Gb  - Linker created -
Reset_Handler            0x800'307d         Code  Wk  startup_stm32f10x_hd.o [2]
SDIO_IRQHandler          0x800'3151         Code  Wk  startup_stm32f10x_hd.o [2]
SPI1_IRQHandler          0x800'311d         Code  Wk  startup_stm32f10x_hd.o [2]
SPI2_IRQHandler          0x800'3121         Code  Wk  startup_stm32f10x_hd.o [2]
SPI3_IRQHandler          0x800'3155         Code  Wk  startup_stm32f10x_hd.o [2]
SVC_Handler              0x800'3095         Code  Wk  startup_stm32f10x_hd.o [2]
SaveSettings             0x800'0909   0x9e  Code  Gb  main.o [1]
SetSysClock              0x800'2e69    0x8  Code  Lc  system_stm32f10x.o [2]
SetSysClockTo72          0x800'2e71   0xbe  Code  Lc  system_stm32f10x.o [2]
SysTick_Config           0x800'0161   0x36  Code  Lc  main.o [1]
SysTick_Handler          0x800'2ba3   0x10  Code  Gb  stm32f10x_it.o [1]
SystemInit               0x800'2e25   0x44  Code  Gb  system_stm32f10x.o [2]
TAMPER_IRQHandler        0x800'30a9         Code  Wk  startup_stm32f10x_hd.o [2]
TIM1_BRK_IRQHandler      0x800'30fd         Code  Wk  startup_stm32f10x_hd.o [2]
TIM1_CC_IRQHandler       0x800'3109         Code  Wk  startup_stm32f10x_hd.o [2]
TIM1_TRG_COM_IRQHandler
                         0x800'3105         Code  Wk  startup_stm32f10x_hd.o [2]
TIM1_UP_IRQHandler       0x800'3101         Code  Wk  startup_stm32f10x_hd.o [2]
TIM2_IRQHandler          0x800'2bb3   0x1c  Code  Gb  stm32f10x_it.o [1]
TIM3_IRQHandler          0x800'2bcf    0xc  Code  Gb  stm32f10x_it.o [1]
TIM4_IRQHandler          0x800'2bdb   0x10  Code  Gb  stm32f10x_it.o [1]
TIM5_IRQHandler          0x800'2beb   0x36  Code  Gb  stm32f10x_it.o [1]
TIM6_IRQHandler          0x800'3161         Code  Wk  startup_stm32f10x_hd.o [2]
TIM7_IRQHandler          0x800'3165         Code  Wk  startup_stm32f10x_hd.o [2]
TIM8_BRK_IRQHandler      0x800'3139         Code  Wk  startup_stm32f10x_hd.o [2]
TIM8_CC_IRQHandler       0x800'3145         Code  Wk  startup_stm32f10x_hd.o [2]
TIM8_TRG_COM_IRQHandler
                         0x800'3141         Code  Wk  startup_stm32f10x_hd.o [2]
TIM8_UP_IRQHandler       0x800'313d         Code  Wk  startup_stm32f10x_hd.o [2]
TIM_ARRPreloadConfig     0x800'24d3   0x1e  Code  Gb  stm32f10x_tim.o [2]
TIM_ClearITPendingBit    0x800'2507    0xa  Code  Gb  stm32f10x_tim.o [2]
TIM_Cmd                  0x800'249d   0x1e  Code  Gb  stm32f10x_tim.o [2]
TIM_ITConfig             0x800'24bb   0x18  Code  Gb  stm32f10x_tim.o [2]
TIM_OC2Init              0x800'23eb   0x8a  Code  Gb  stm32f10x_tim.o [2]
TIM_OC2PreloadConfig     0x800'24f1   0x16  Code  Gb  stm32f10x_tim.o [2]
TIM_TimeBaseInit         0x800'2361   0x8a  Code  Gb  stm32f10x_tim.o [2]
TIM_TimeBaseStructInit   0x800'2485   0x18  Code  Gb  stm32f10x_tim.o [2]
TimingDelay             0x2000'025c    0x4  Data  Gb  user_TIMER.o [3]
TimingDelay_Decrement    0x800'14e5   0x10  Code  Gb  user_TIMER.o [3]
UART4_IRQHandler         0x800'3159         Code  Wk  startup_stm32f10x_hd.o [2]
UART5_IRQHandler         0x800'315d         Code  Wk  startup_stm32f10x_hd.o [2]
USART1_IRQHandler        0x800'2d09   0xb4  Code  Gb  stm32f10x_it.o [1]
USART1_put_char          0x800'1a57   0x64  Code  Gb  user_USART.o [3]
USART1_put_string        0x800'1abb   0x20  Code  Gb  user_USART.o [3]
USART2_IRQHandler        0x800'3125         Code  Wk  startup_stm32f10x_hd.o [2]
USART3_IRQHandler        0x800'3129         Code  Wk  startup_stm32f10x_hd.o [2]
USART_ClearITPendingBit
                         0x800'2afd   0x26  Code  Gb  stm32f10x_usart.o [2]
USART_Cmd                0x800'29d9   0x1e  Code  Gb  stm32f10x_usart.o [2]
USART_GetFlagStatus      0x800'2a77   0x1c  Code  Gb  stm32f10x_usart.o [2]
USART_GetITStatus        0x800'2a93   0x6a  Code  Gb  stm32f10x_usart.o [2]
USART_ITConfig           0x800'29f7   0x70  Code  Gb  stm32f10x_usart.o [2]
USART_Init               0x800'28fd   0xd8  Code  Gb  stm32f10x_usart.o [2]
USART_ReceiveData        0x800'2a6f    0x8  Code  Gb  stm32f10x_usart.o [2]
USART_SendData           0x800'2a67    0x8  Code  Gb  stm32f10x_usart.o [2]
USBWakeUp_IRQHandler     0x800'3135         Code  Wk  startup_stm32f10x_hd.o [2]
USB_HP_CAN1_TX_IRQHandler
                         0x800'30e9         Code  Wk  startup_stm32f10x_hd.o [2]
USB_LP_CAN1_RX0_IRQHandler
                         0x800'30ed         Code  Wk  startup_stm32f10x_hd.o [2]
UsageFault_Handler       0x800'3091         Code  Wk  startup_stm32f10x_hd.o [2]
WWDG_IRQHandler          0x800'30a1         Code  Wk  startup_stm32f10x_hd.o [2]
__NVIC_EnableIRQ         0x800'16f1   0x1e  Code  Lc  user_ADC.o [3]
__NVIC_EnableIRQ         0x800'1301   0x1e  Code  Lc  user_TIMER.o [3]
__NVIC_SetPriority       0x800'0131   0x30  Code  Lc  main.o [1]
__NVIC_SetPriority       0x800'170f   0x2c  Code  Lc  user_ADC.o [3]
__NVIC_SetPriority       0x800'131f   0x2c  Code  Lc  user_TIMER.o [3]
__aeabi_cdcmpeq          0x800'1afd         Code  Gb  DblCmpEq.o [5]
__aeabi_cdcmple          0x800'1e29         Code  Gb  DblCmpLe.o [5]
__aeabi_d2f              0x800'20c1         Code  Gb  DblToFlt.o [5]
__aeabi_d2iz             0x800'1dc5         Code  Gb  DblToS32.o [5]
__aeabi_dadd             0x800'1b65         Code  Gb  DblAddSub.o [5]
__aeabi_ddiv             0x800'1e5d         Code  Gb  DblDiv.o [5]
__aeabi_dmul             0x800'151d         Code  Gb  DblMul.o [5]
__aeabi_dsub             0x800'1ce1         Code  Gb  DblAddSub.o [5]
__aeabi_f2d              0x800'1b1d         Code  Gb  FltToDbl.o [5]
__aeabi_i2d              0x800'1e05         Code  Gb  S32ToDbl.o [5]
__aeabi_ui2d             0x800'20a5         Code  Gb  U32ToDbl.o [5]
__cmain                  0x800'3019         Code  Gb  cmain.o [6]
__exit                   0x800'304d   0x14  Code  Gb  exit.o [7]
__iar_copy_init3         0x800'16c7   0x2a  Code  Gb  copy_init3.o [6]
__iar_data_init3         0x800'2fcd   0x28  Code  Gb  data_init.o [6]
__iar_program_start      0x800'3061         Code  Gb  cstartup_M.o [6]
__iar_zero_init3         0x800'2f95   0x38  Code  Gb  zero_init3.o [6]
__low_level_init         0x800'3037    0x4  Code  Gb  low_level_init.o [4]
__vector_table           0x800'0000         Data  Gb  startup_stm32f10x_hd.o [2]
_call_main               0x800'3025         Code  Gb  cmain.o [6]
_exit                    0x800'3041         Code  Gb  cexit.o [6]
abs                      0x800'1dfb    0x8  Code  Wk  abs.o [4]
actualCurrent           0x2000'0208    0x4  Data  Gb  main.o [1]
actualVoltage           0x2000'01a4    0x4  Data  Gb  main.o [1]
adcCurrentCounter       0x2000'024c    0x4  Data  Gb  stm32f10x_it.o [1]
adcCurrentSample        0x2000'002c    0x4  Data  Gb  stm32f10x_it.o [1]
adcCurrentSum           0x2000'0248    0x4  Data  Gb  stm32f10x_it.o [1]
adcCurrent_init          0x800'1839   0xfe  Code  Gb  user_ADC.o [3]
adcVoltageCounter       0x2000'0244    0x4  Data  Gb  stm32f10x_it.o [1]
adcVoltageSample        0x2000'0028    0x4  Data  Gb  stm32f10x_it.o [1]
adcVoltageSum           0x2000'0240    0x4  Data  Gb  stm32f10x_it.o [1]
adcVoltage_init          0x800'173b   0xfe  Code  Gb  user_ADC.o [3]
adress                  0x2000'0271    0x1  Data  Gb  main.o [1]
b_cur                   0x2000'0220    0x4  Data  Gb  main.o [1]
b_cur_default           0x2000'0224    0x4  Data  Gb  main.o [1]
b_vol                   0x2000'0218    0x4  Data  Gb  main.o [1]
b_vol_default           0x2000'0020    0x4  Data  Gb  main.o [1]
crc16                    0x800'0f49   0x40  Code  Gb  modbus.o [3]
currentADCValue         0x2000'0200    0x8  Data  Gb  stm32f10x_it.o [1]
defectDetected          0x2000'0270    0x1  Data  Gb  main.o [1]
defectPos               0x2000'0210    0x4  Data  Gb  main.o [1]
dmaVoltageCounter       0x2000'0238    0x4  Data  Gb  stm32f10x_it.o [1]
dutyCycle               0x2000'01f0    0x8  Data  Gb  main.o [1]
err                     0x2000'01b8    0x8  Data  Gb  main.o [1]
errorCounter            0x2000'0273    0x1  Data  Gb  stm32f10x_it.o [1]
exit                     0x800'303b    0x4  Code  Gb  exit.o [4]
gerAdress                0x800'04b9   0x64  Code  Gb  main.o [1]
getReg                   0x800'0c55   0x18  Code  Gb  modbus.o [3]
k_cur                   0x2000'021c    0x4  Data  Gb  main.o [1]
k_cur_default           0x2000'0024    0x4  Data  Gb  main.o [1]
k_vol                   0x2000'0214    0x4  Data  Gb  main.o [1]
k_vol_default           0x2000'001c    0x4  Data  Gb  main.o [1]
m_flToCh                0x2000'022c    0x4  Data  Gb  main.o [1]
m_flTosh                0x2000'0228    0x4  Data  Gb  main.o [1]
main                     0x800'0197  0x150  Code  Gb  main.o [1]
maxCCR                  0x2000'0010    0x8  Data  Gb  main.o [1]
maxCurrent              0x2000'0018    0x4  Data  Gb  main.o [1]
maxDefectCurrent        0x2000'020c    0x4  Data  Gb  main.o [1]
minCCR                  0x2000'01b0    0x8  Data  Gb  main.o [1]
modAdd                  0x2000'0272    0x1  Data  Gb  modbus.o [3]
modbus16                 0x800'0e69   0xbc  Code  Gb  modbus.o [3]
modbus3                  0x800'0cf7   0xc8  Code  Gb  modbus.o [3]
modbus6                  0x800'0dbf   0xaa  Code  Gb  modbus.o [3]
modbusInit               0x800'0bc9   0x70  Code  Gb  modbus.o [3]
modbusProcess            0x800'0c6d   0x8a  Code  Gb  modbus.o [3]
ms_counter              0x2000'0250    0x4  Data  Gb  stm32f10x_it.o [1]
position                0x2000'0230    0x4  Data  Gb  modbus.o [3]
readFlag                0x2000'0044    0x1  Data  Gb  modbus.o [3]
regKoef                 0x2000'0008    0x8  Data  Gb  main.o [1]
regKoefCur              0x2000'0000    0x8  Data  Gb  main.o [1]
regs                    0x2000'0174   0x30  Data  Gb  modbus.o [3]
regulatorAct             0x800'051d  0x102  Code  Gb  main.o [1]
rxBuf                   0x2000'0048   0x64  Data  Gb  user_USART.o [3]
saveADC_ActualCurrentEt1
                         0x800'0643   0x12  Code  Gb  main.o [1]
saveADC_ActualCurrentEt2
                         0x800'0655   0x12  Code  Gb  main.o [1]
saveADC_ActualVoltageEt1
                         0x800'061f   0x12  Code  Gb  main.o [1]
saveADC_ActualVoltageEt2
                         0x800'0631   0x12  Code  Gb  main.o [1]
saveToEEPROM             0x800'0677  0x1f4  Code  Gb  main.o [1]
setCcr3Tim               0x800'142b    0x6  Code  Gb  user_TIMER.o [3]
setReg                   0x800'0c39   0x1c  Code  Gb  modbus.o [3]
speed                   0x2000'0234    0x4  Data  Gb  modbus.o [3]
tim2_init                0x800'134b   0x4a  Code  Gb  user_TIMER.o [3]
tim3_pwm_init            0x800'1395   0x96  Code  Gb  user_TIMER.o [3]
tim4_init                0x800'1431   0x50  Code  Gb  user_TIMER.o [3]
tim5_init                0x800'1481   0x52  Code  Gb  user_TIMER.o [3]
toBuf                    0x800'1a39   0x1e  Code  Gb  user_USART.o [3]
txBuf                   0x2000'00ac   0x64  Data  Gb  user_USART.o [3]
tx_buffer               0x2000'0110   0x64  Data  Gb  user_USART.o [3]
tx_counter              0x2000'0268    0x4  Data  Gb  user_USART.o [3]
tx_rd_index             0x2000'0264    0x4  Data  Gb  user_USART.o [3]
tx_wr_index             0x2000'0260    0x4  Data  Gb  user_USART.o [3]
updateCurrent            0x800'038b  0x12e  Code  Gb  main.o [1]
updateVoltage            0x800'02e7   0xa4  Code  Gb  main.o [1]
update_maxSystemCur      0x800'0667   0x10  Code  Gb  main.o [1]
usart_init               0x800'1969   0xd0  Code  Gb  user_USART.o [3]
ustVoltage              0x2000'026c    0x2  Data  Gb  main.o [1]
vel_adc                 0x2000'023c    0x4  Data  Gb  stm32f10x_it.o [1]
voltageADCValue         0x2000'01f8    0x8  Data  Gb  stm32f10x_it.o [1]


[1] = C:\Ruslan\IAR\EX\IAR_Project\Debug\Obj
[2] = C:\Ruslan\IAR\EX\IAR_Project\Debug\Obj\STM32Std
[3] = C:\Ruslan\IAR\EX\IAR_Project\Debug\Obj\User
[4] = dl7M_tlf.a
[5] = m7M_tl.a
[6] = rt7M_tl.a
[7] = shb_l.a

  12'552 bytes of readonly  code memory
     108 bytes of readonly  data memory
   2'674 bytes of readwrite data memory

Errors: none
Warnings: none
